Archive member included to satisfy reference by file (symbol)

/Users/nuriafernandezmingo/Documents/Projects/FreeRTOSlib/Debug/libFreeRTOSlib.a(tasks.o)
                              ./src/SaveYourPlants.o (xTaskGenericCreate)
/Users/nuriafernandezmingo/Documents/Projects/FreeRTOSlib/Debug/libFreeRTOSlib.a(FreeRTOSCommonHooks.o)
                              /Users/nuriafernandezmingo/Documents/Projects/FreeRTOSlib/Debug/libFreeRTOSlib.a(tasks.o) (vApplicationIdleHook)
/Users/nuriafernandezmingo/Documents/Projects/FreeRTOSlib/Debug/libFreeRTOSlib.a(heap_3.o)
                              /Users/nuriafernandezmingo/Documents/Projects/FreeRTOSlib/Debug/libFreeRTOSlib.a(tasks.o) (pvPortMalloc)
/Users/nuriafernandezmingo/Documents/Projects/FreeRTOSlib/Debug/libFreeRTOSlib.a(list.o)
                              /Users/nuriafernandezmingo/Documents/Projects/FreeRTOSlib/Debug/libFreeRTOSlib.a(tasks.o) (vListInitialise)
/Users/nuriafernandezmingo/Documents/Projects/FreeRTOSlib/Debug/libFreeRTOSlib.a(port.o)
                              /Users/nuriafernandezmingo/Documents/Projects/FreeRTOSlib/Debug/libFreeRTOSlib.a(tasks.o) (pxPortInitialiseStack)
/Users/nuriafernandezmingo/Documents/Projects/lpc_board_nxp_lpcxpresso_1769/Debug/liblpc_board_nxp_lpcxpresso_1769.a(board.o)
                              /Users/nuriafernandezmingo/Documents/Projects/FreeRTOSlib/Debug/libFreeRTOSlib.a(FreeRTOSCommonHooks.o) (Board_UARTPutSTR)
/Users/nuriafernandezmingo/Documents/Projects/lpc_board_nxp_lpcxpresso_1769/Debug/liblpc_board_nxp_lpcxpresso_1769.a(board_sysinit.o)
                              ./src/sysinit.o (Board_SystemInit)
/Users/nuriafernandezmingo/Documents/Projects/lpc_chip_175x_6x/Debug/liblpc_chip_175x_6x.a(adc_17xx_40xx.o)
                              ./src/SaveYourPlants.o (Chip_ADC_Init)
/Users/nuriafernandezmingo/Documents/Projects/lpc_chip_175x_6x/Debug/liblpc_chip_175x_6x.a(chip_17xx_40xx.o)
                              /Users/nuriafernandezmingo/Documents/Projects/FreeRTOSlib/Debug/libFreeRTOSlib.a(port.o) (SystemCoreClock)
/Users/nuriafernandezmingo/Documents/Projects/lpc_chip_175x_6x/Debug/liblpc_chip_175x_6x.a(clock_17xx_40xx.o)
                              /Users/nuriafernandezmingo/Documents/Projects/lpc_chip_175x_6x/Debug/liblpc_chip_175x_6x.a(chip_17xx_40xx.o) (Chip_Clock_EnablePLL)
/Users/nuriafernandezmingo/Documents/Projects/lpc_chip_175x_6x/Debug/liblpc_chip_175x_6x.a(i2s_17xx_40xx.o)
                              /Users/nuriafernandezmingo/Documents/Projects/lpc_board_nxp_lpcxpresso_1769/Debug/liblpc_board_nxp_lpcxpresso_1769.a(board.o) (Chip_I2S_Init)
/Users/nuriafernandezmingo/Documents/Projects/lpc_chip_175x_6x/Debug/liblpc_chip_175x_6x.a(iocon_17xx_40xx.o)
                              /Users/nuriafernandezmingo/Documents/Projects/lpc_board_nxp_lpcxpresso_1769/Debug/liblpc_board_nxp_lpcxpresso_1769.a(board.o) (Chip_IOCON_PinMux)
/Users/nuriafernandezmingo/Documents/Projects/lpc_chip_175x_6x/Debug/liblpc_chip_175x_6x.a(sysinit_17xx_40xx.o)
                              /Users/nuriafernandezmingo/Documents/Projects/lpc_board_nxp_lpcxpresso_1769/Debug/liblpc_board_nxp_lpcxpresso_1769.a(board_sysinit.o) (Chip_SetupXtalClocking)
/Users/nuriafernandezmingo/Documents/Projects/lpc_chip_175x_6x/Debug/liblpc_chip_175x_6x.a(uart_17xx_40xx.o)
                              /Users/nuriafernandezmingo/Documents/Projects/lpc_board_nxp_lpcxpresso_1769/Debug/liblpc_board_nxp_lpcxpresso_1769.a(board.o) (Chip_UART_Init)
/Users/nuriafernandezmingo/Documents/Projects/lpc_chip_175x_6x/Debug/liblpc_chip_175x_6x.a(ring_buffer.o)
                              /Users/nuriafernandezmingo/Documents/Projects/lpc_chip_175x_6x/Debug/liblpc_chip_175x_6x.a(uart_17xx_40xx.o) (RingBuffer_Insert)
/Applications/MCUXpressoIDE_10.2.1_795/ide/tools/bin/../lib/gcc/arm-none-eabi/7.2.1/../../../../arm-none-eabi/lib/thumb/v7-m/libcr_nohost.a(_cr__main.o)
                              ./src/cr_startup_lpc175x_6x.o (__main)
/Applications/MCUXpressoIDE_10.2.1_795/ide/tools/bin/../lib/gcc/arm-none-eabi/7.2.1/../../../../arm-none-eabi/lib/thumb/v7-m/libcr_c.a(memcpy.o)
                              /Users/nuriafernandezmingo/Documents/Projects/lpc_board_nxp_lpcxpresso_1769/Debug/liblpc_board_nxp_lpcxpresso_1769.a(board.o) (memcpy)
/Applications/MCUXpressoIDE_10.2.1_795/ide/tools/bin/../lib/gcc/arm-none-eabi/7.2.1/../../../../arm-none-eabi/lib/thumb/v7-m/libcr_c.a(memset.o)
                              /Users/nuriafernandezmingo/Documents/Projects/FreeRTOSlib/Debug/libFreeRTOSlib.a(tasks.o) (memset)
/Applications/MCUXpressoIDE_10.2.1_795/ide/tools/bin/../lib/gcc/arm-none-eabi/7.2.1/../../../../arm-none-eabi/lib/thumb/v7-m/libcr_c.a(alloc.o)
                              /Users/nuriafernandezmingo/Documents/Projects/FreeRTOSlib/Debug/libFreeRTOSlib.a(heap_3.o) (malloc)
/Applications/MCUXpressoIDE_10.2.1_795/ide/tools/bin/../lib/gcc/arm-none-eabi/7.2.1/../../../../arm-none-eabi/lib/thumb/v7-m/libcr_c.a(fpprintf.o)
[...]
Memory Configuration

Name             Origin             Length             Attributes
MFlash512        0x0000000000000000 0x0000000000080000 xr
RamLoc32         0x0000000010000000 0x0000000000008000 xrw
RamAHB32         0x000000002007c000 0x0000000000008000 xrw
*default*        0x0000000000000000 0xffffffffffffffff

Linker script and memory map

LOAD ./src/SaveYourPlants.o
LOAD ./src/cr_startup_lpc175x_6x.o
LOAD ./src/crp.o
LOAD ./src/sysinit.o
LOAD /Users/nuriafernandezmingo/Documents/Projects/FreeRTOSlib/Debug/libFreeRTOSlib.a
LOAD /Users/nuriafernandezmingo/Documents/Projects/lpc_board_nxp_lpcxpresso_1769/Debug/liblpc_board_nxp_lpcxpresso_1769.a
LOAD /Users/nuriafernandezmingo/Documents/Projects/lpc_chip_175x_6x/Debug/liblpc_chip_175x_6x.a
START GROUP
LOAD /Applications/MCUXpressoIDE_10.2.1_795/ide/tools/bin/../lib/gcc/arm-none-eabi/7.2.1/../../../../arm-none-eabi/lib/thumb/v7-m/libcr_nohost.a
LOAD /Applications/MCUXpressoIDE_10.2.1_795/ide/tools/bin/../lib/gcc/arm-none-eabi/7.2.1/../../../../arm-none-eabi/lib/thumb/v7-m/libcr_c.a
LOAD /Applications/MCUXpressoIDE_10.2.1_795/ide/tools/bin/../lib/gcc/arm-none-eabi/7.2.1/thumb/v7-m/libcr_eabihelpers.a
END GROUP
                0x0000000000000000                __base_MFlash512 = 0x0
                0x0000000000000000                __base_Flash = 0x0
                0x0000000000080000                __top_MFlash512 = 0x80000
                0x0000000000080000                __top_Flash = 0x80000
                0x0000000010000000                __base_RamLoc32 = 0x10000000
                0x0000000010000000                __base_RAM = 0x10000000
                0x0000000010008000                __top_RamLoc32 = 0x10008000
                0x0000000010008000                __top_RAM = 0x10008000
                0x000000002007c000                __base_RamAHB32 = 0x2007c000
                0x000000002007c000                __base_RAM2 = 0x2007c000
                0x0000000020084000                __top_RamAHB32 = 0x20084000
                0x0000000020084000                __top_RAM2 = 0x20084000

.text           0x0000000000000000     0x48a4
 FILL mask 0xff
                0x0000000000000000                __vectors_start__ = ABSOLUTE (.)
 *(.isr_vector)
 .isr_vector    0x0000000000000000       0xcc ./src/cr_startup_lpc175x_6x.o
                0x0000000000000000                g_pfnVectors
                0x00000000000000cc                . = ALIGN (0x4)
                0x00000000000000cc                __section_table_start = .
                0x00000000000000cc                __data_section_table = .
                0x00000000000000cc        0x4 LONG 0x48a4 LOADADDR (.data)
                0x00000000000000d0        0x4 LONG 0x10000000 ADDR (.data)
                0x00000000000000d4        0x4 LONG 0x8 SIZEOF (.data)
                0x00000000000000d8        0x4 LONG 0x48a4 LOADADDR (.data_RAM2)
                0x00000000000000dc        0x4 LONG 0x2007c000 ADDR (.data_RAM2)
                0x00000000000000e0        0x4 LONG 0x0 SIZEOF (.data_RAM2)
                0x00000000000000e4                __data_section_table_end = .
                0x00000000000000e4                __bss_section_table = .
                0x00000000000000e4        0x4 LONG 0x10000008 ADDR (.bss)
                0x00000000000000e8        0x4 LONG 0x34c SIZEOF (.bss)
                0x00000000000000ec        0x4 LONG 0x2007c000 ADDR (.bss_RAM2)
                0x00000000000000f0        0x4 LONG 0x0 SIZEOF (.bss_RAM2)
                0x00000000000000f4                __bss_section_table_end = .
                0x00000000000000f4                __section_table_end = .
 *(.after_vectors*)
 .after_vectors
                0x00000000000000f4      0x12c ./src/cr_startup_lpc175x_6x.o
                0x00000000000000f4                data_init
                0x0000000000000136                bss_init
                0x000000000000016c                ResetISR
                0x00000000000001e4                NMI_Handler
                0x00000000000001ea                HardFault_Handler
                0x00000000000001f0                MemManage_Handler
                0x00000000000001f6                BusFault_Handler
                0x00000000000001fc                UsageFault_Handler
                0x0000000000000208                DebugMon_Handler
                0x000000000000021a                CANActivity_IRQHandler
                0x000000000000021a                TIMER3_IRQHandler
                0x000000000000021a                UART0_IRQHandler
                0x000000000000021a                IntDefaultHandler
                0x000000000000021a                PLL0_IRQHandler
                0x000000000000021a                CAN_IRQHandler
                0x000000000000021a                PLL1_IRQHandler
                0x000000000000021a                SSP0_IRQHandler
                0x000000000000021a                I2S_IRQHandler
                0x000000000000021a                I2C2_IRQHandler
                0x000000000000021a                RTC_IRQHandler
                0x000000000000021a                TIMER0_IRQHandler
                0x000000000000021a                SPI_IRQHandler
                0x000000000000021a                EINT1_IRQHandler
                0x000000000000021a                TIMER1_IRQHandler
                0x000000000000021a                UART2_IRQHandler
                0x000000000000021a                ADC_IRQHandler
                0x000000000000021a                SSP1_IRQHandler
                0x000000000000021a                USB_IRQHandler
                0x000000000000021a                BOD_IRQHandler
                0x000000000000021a                WDT_IRQHandler
                0x000000000000021a                QEI_IRQHandler
                0x000000000000021a                EINT0_IRQHandler
                0x000000000000021a                ETH_IRQHandler
                0x000000000000021a                DMA_IRQHandler
                0x000000000000021a                UART3_IRQHandler
                0x000000000000021a                TIMER2_IRQHandler
                0x000000000000021a                MCPWM_IRQHandler
                0x000000000000021a                RIT_IRQHandler
                0x000000000000021a                I2C0_IRQHandler
                0x000000000000021a                USBActivity_IRQHandler
                0x000000000000021a                PWM1_IRQHandler
                0x000000000000021a                I2C1_IRQHandler
                0x000000000000021a                EINT2_IRQHandler
                0x000000000000021a                UART1_IRQHandler
                0x000000000000021a                EINT3_IRQHandler
                0x00000000000002fc                . = 0x2fc
 *fill*         0x0000000000000220       0xdc ff
                0x00000000000002fc                PROVIDE (__CRP_WORD_START__, .)
 *(.crp)
 .crp           0x00000000000002fc        0x4 ./src/crp.o
                0x00000000000002fc                CRP_WORD
                0x0000000000000300                PROVIDE (__CRP_WORD_END__, .)
                0x0000000000000001                ASSERT (! ((__CRP_WORD_START__ == __CRP_WORD_END__)), Linker CRP Enabled, but no CRP_WORD provided within application)
 *(.text*)
 .text.prvSetupHardware
                0x0000000000000300       0x50 ./src/SaveYourPlants.o
 .text.vLEDTask1
                0x0000000000000350       0x28 ./src/SaveYourPlants.o
 .text.vSensorTask1
                0x0000000000000378       0x58 ./src/SaveYourPlants.o
 .text.whenToWaterTask
                0x00000000000003d0       0x44 ./src/SaveYourPlants.o
 .text.main     0x0000000000000414       0x8c ./src/SaveYourPlants.o
                0x0000000000000414                main
 .text.SystemInit
                0x00000000000004a0       0x24 ./src/sysinit.o
                0x00000000000004a0                SystemInit
 .text.xTaskGenericCreate
                0x00000000000004c4      0x140 /Users/nuriafernandezmingo/Documents/Projects/FreeRTOSlib/Debug/libFreeRTOSlib.a(tasks.o)
                0x00000000000004c4                xTaskGenericCreate
 .text.vTaskDelay
                0x0000000000000604       0x54 /Users/nuriafernandezmingo/Documents/Projects/FreeRTOSlib/Debug/libFreeRTOSlib.a(tasks.o)
                0x0000000000000604                vTaskDelay
 .text.vTaskStartScheduler
                0x0000000000000658       0x58 /Users/nuriafernandezmingo/Documents/Projects/FreeRTOSlib/Debug/libFreeRTOSlib.a(tasks.o)
                0x0000000000000658                vTaskStartScheduler
 .text.vTaskSuspendAll
                0x00000000000006b0       0x1c /Users/nuriafernandezmingo/Documents/Projects/FreeRTOSlib/Debug/libFreeRTOSlib.a(tasks.o)
                0x00000000000006b0                vTaskSuspendAll
 .text.prvGetExpectedIdleTime
                0x00000000000006cc       0x4c /Users/nuriafernandezmingo/Documents/Projects/FreeRTOSlib/Debug/libFreeRTOSlib.a(tasks.o)
 .text.xTaskResumeAll
                0x0000000000000718       0xfc /Users/nuriafernandezmingo/Documents/Projects/FreeRTOSlib/Debug/libFreeRTOSlib.a(tasks.o)
                0x0000000000000718                xTaskResumeAll
 .text.vTaskStepTick
                0x0000000000000814       0x24 /Users/nuriafernandezmingo/Documents/Projects/FreeRTOSlib/Debug/libFreeRTOSlib.a(tasks.o)
                0x0000000000000814                vTaskStepTick
 .text.xTaskIncrementTick
                0x0000000000000838      0x18c /Users/nuriafernandezmingo/Documents/Projects/FreeRTOSlib/Debug/libFreeRTOSlib.a(tasks.o)
                0x0000000000000838                xTaskIncrementTick
 .text.vTaskSwitchContext
                0x00000000000009c4       0x98 /Users/nuriafernandezmingo/Documents/Projects/FreeRTOSlib/Debug/libFreeRTOSlib.a(tasks.o)
                0x00000000000009c4                vTaskSwitchContext
 .text.prvIdleTask
                0x0000000000000a5c       0x48 /Users/nuriafernandezmingo/Documents/Projects/FreeRTOSlib/Debug/libFreeRTOSlib.a(tasks.o)
 .text.eTaskConfirmSleepModeStatus
                0x0000000000000aa4       0x5c /Users/nuriafernandezmingo/Documents/Projects/FreeRTOSlib/Debug/libFreeRTOSlib.a(tasks.o)
                0x0000000000000aa4                eTaskConfirmSleepModeStatus
 .text.prvInitialiseTCBVariables
                0x0000000000000b00       0x98 /Users/nuriafernandezmingo/Documents/Projects/FreeRTOSlib/Debug/libFreeRTOSlib.a(tasks.o)
 .text.prvInitialiseTaskLists
                0x0000000000000b98       0x80 /Users/nuriafernandezmingo/Documents/Projects/FreeRTOSlib/Debug/libFreeRTOSlib.a(tasks.o)
 .text.prvCheckTasksWaitingTermination
                0x0000000000000c18       0x78 /Users/nuriafernandezmingo/Documents/Projects/FreeRTOSlib/Debug/libFreeRTOSlib.a(tasks.o)
 .text.prvAddCurrentTaskToDelayedList
                0x0000000000000c90       0x6c /Users/nuriafernandezmingo/Documents/Projects/FreeRTOSlib/Debug/libFreeRTOSlib.a(tasks.o)
 .text.prvAllocateTCBAndStack
                0x0000000000000cfc       0x62 /Users/nuriafernandezmingo/Documents/Projects/FreeRTOSlib/Debug/libFreeRTOSlib.a(tasks.o)
 .text.prvDeleteTCB
                0x0000000000000d5e       0x20 /Users/nuriafernandezmingo/Documents/Projects/FreeRTOSlib/Debug/libFreeRTOSlib.a(tasks.o)
 .text.vApplicationIdleHook
                0x0000000000000d7e        0xe /Users/nuriafernandezmingo/Documents/Projects/FreeRTOSlib/Debug/libFreeRTOSlib.a(FreeRTOSCommonHooks.o)
                0x0000000000000d7e                vApplicationIdleHook
 .text.pvPortMalloc
                0x0000000000000d8c       0x22 /Users/nuriafernandezmingo/Documents/Projects/FreeRTOSlib/Debug/libFreeRTOSlib.a(heap_3.o)
                0x0000000000000d8c                pvPortMalloc
 .text.vPortFree
                0x0000000000000dae       0x24 /Users/nuriafernandezmingo/Documents/Projects/FreeRTOSlib/Debug/libFreeRTOSlib.a(heap_3.o)
                0x0000000000000dae                vPortFree
 .text.vListInitialise
                0x0000000000000dd2       0x3e /Users/nuriafernandezmingo/Documents/Projects/FreeRTOSlib/Debug/libFreeRTOSlib.a(list.o)
                0x0000000000000dd2                vListInitialise
 .text.vListInitialiseItem
                0x0000000000000e10       0x18 /Users/nuriafernandezmingo/Documents/Projects/FreeRTOSlib/Debug/libFreeRTOSlib.a(list.o)
                0x0000000000000e10                vListInitialiseItem
 .text.vListInsertEnd
                0x0000000000000e28       0x46 /Users/nuriafernandezmingo/Documents/Projects/FreeRTOSlib/Debug/libFreeRTOSlib.a(list.o)
                0x0000000000000e28                vListInsertEnd
 .text.vListInsert
                0x0000000000000e6e       0x70 /Users/nuriafernandezmingo/Documents/Projects/FreeRTOSlib/Debug/libFreeRTOSlib.a(list.o)
                0x0000000000000e6e                vListInsert
 .text.uxListRemove
                0x0000000000000ede       0x52 /Users/nuriafernandezmingo/Documents/Projects/FreeRTOSlib/Debug/libFreeRTOSlib.a(list.o)
                0x0000000000000ede                uxListRemove
 .text.pxPortInitialiseStack
                0x0000000000000f30       0x54 /Users/nuriafernandezmingo/Documents/Projects/FreeRTOSlib/Debug/libFreeRTOSlib.a(port.o)
                0x0000000000000f30                pxPortInitialiseStack
 .text.prvTaskExitError
                0x0000000000000f84        0xa /Users/nuriafernandezmingo/Documents/Projects/FreeRTOSlib/Debug/libFreeRTOSlib.a(port.o)
 *fill*         0x0000000000000f8e        0x2 ff
 .text.SVC_Handler
                0x0000000000000f90       0x24 /Users/nuriafernandezmingo/Documents/Projects/FreeRTOSlib/Debug/libFreeRTOSlib.a(port.o)
                0x0000000000000f90                SVC_Handler
 .text.prvPortStartFirstTask
                0x0000000000000fb4       0x18 /Users/nuriafernandezmingo/Documents/Projects/FreeRTOSlib/Debug/libFreeRTOSlib.a(port.o)
 .text.xPortStartScheduler
                0x0000000000000fcc       0x38 /Users/nuriafernandezmingo/Documents/Projects/FreeRTOSlib/Debug/libFreeRTOSlib.a(port.o)
                0x0000000000000fcc                xPortStartScheduler
 .text.vPortYield
                0x0000000000001004       0x20 /Users/nuriafernandezmingo/Documents/Projects/FreeRTOSlib/Debug/libFreeRTOSlib.a(port.o)
                0x0000000000001004                vPortYield
 .text.vPortEnterCritical
                0x0000000000001024       0x24 /Users/nuriafernandezmingo/Documents/Projects/FreeRTOSlib/Debug/libFreeRTOSlib.a(port.o)
                0x0000000000001024                vPortEnterCritical
 .text.vPortExitCritical
                0x0000000000001048       0x24 /Users/nuriafernandezmingo/Documents/Projects/FreeRTOSlib/Debug/libFreeRTOSlib.a(port.o)
                0x0000000000001048                vPortExitCritical
 .text.ulPortSetInterruptMask
                0x000000000000106c       0x12 /Users/nuriafernandezmingo/Documents/Projects/FreeRTOSlib/Debug/libFreeRTOSlib.a(port.o)
                0x000000000000106c                ulPortSetInterruptMask
 .text.vPortClearInterruptMask
                0x000000000000107e        0x8 /Users/nuriafernandezmingo/Documents/Projects/FreeRTOSlib/Debug/libFreeRTOSlib.a(port.o)
                0x000000000000107e                vPortClearInterruptMask
 *fill*         0x0000000000001086        0x2 ff
 .text.PendSV_Handler
                0x0000000000001088       0x40 /Users/nuriafernandezmingo/Documents/Projects/FreeRTOSlib/Debug/libFreeRTOSlib.a(port.o)
                0x0000000000001088                PendSV_Handler
 .text.SysTick_Handler
                0x00000000000010c8       0x28 /Users/nuriafernandezmingo/Documents/Projects/FreeRTOSlib/Debug/libFreeRTOSlib.a(port.o)
                0x00000000000010c8                SysTick_Handler
 .text.vPortSuppressTicksAndSleep
                0x00000000000010f0      0x15c /Users/nuriafernandezmingo/Documents/Projects/FreeRTOSlib/Debug/libFreeRTOSlib.a(port.o)
                0x00000000000010f0                vPortSuppressTicksAndSleep
 .text.vPortSetupTimerInterrupt
                0x000000000000124c       0x68 /Users/nuriafernandezmingo/Documents/Projects/FreeRTOSlib/Debug/libFreeRTOSlib.a(port.o)
                0x000000000000124c                vPortSetupTimerInterrupt
 .text.Chip_IOCON_Init
                0x00000000000012b4       0x16 /Users/nuriafernandezmingo/Documents/Projects/lpc_board_nxp_lpcxpresso_1769/Debug/liblpc_board_nxp_lpcxpresso_1769.a(board.o)
 .text.Chip_GPIO_Init
                0x00000000000012ca       0x16 /Users/nuriafernandezmingo/Documents/Projects/lpc_board_nxp_lpcxpresso_1769/Debug/liblpc_board_nxp_lpcxpresso_1769.a(board.o)
 .text.Chip_GPIO_SetPinState
                0x00000000000012e0       0x64 /Users/nuriafernandezmingo/Documents/Projects/lpc_board_nxp_lpcxpresso_1769/Debug/liblpc_board_nxp_lpcxpresso_1769.a(board.o)
 .text.Chip_GPIO_WritePortBit
                0x0000000000001344       0x2c /Users/nuriafernandezmingo/Documents/Projects/lpc_board_nxp_lpcxpresso_1769/Debug/liblpc_board_nxp_lpcxpresso_1769.a(board.o)
 .text.Chip_GPIO_SetPinDIROutput
                0x0000000000001370       0x36 /Users/nuriafernandezmingo/Documents/Projects/lpc_board_nxp_lpcxpresso_1769/Debug/liblpc_board_nxp_lpcxpresso_1769.a(board.o)
 .text.Chip_GPIO_SetPinDIRInput
                0x00000000000013a6       0x3a /Users/nuriafernandezmingo/Documents/Projects/lpc_board_nxp_lpcxpresso_1769/Debug/liblpc_board_nxp_lpcxpresso_1769.a(board.o)
 .text.Chip_GPIO_SetPinDIR
                0x00000000000013e0       0x42 /Users/nuriafernandezmingo/Documents/Projects/lpc_board_nxp_lpcxpresso_1769/Debug/liblpc_board_nxp_lpcxpresso_1769.a(board.o)
 .text.Chip_GPIO_WriteDirBit
                0x0000000000001422       0x2e /Users/nuriafernandezmingo/Documents/Projects/lpc_board_nxp_lpcxpresso_1769/Debug/liblpc_board_nxp_lpcxpresso_1769.a(board.o)
 .text.Chip_UART_SendByte
                0x0000000000001450       0x1c /Users/nuriafernandezmingo/Documents/Projects/lpc_board_nxp_lpcxpresso_1769/Debug/liblpc_board_nxp_lpcxpresso_1769.a(board.o)
 .text.Chip_UART_ConfigData
                0x000000000000146c       0x1a /Users/nuriafernandezmingo/Documents/Projects/lpc_board_nxp_lpcxpresso_1769/Debug/liblpc_board_nxp_lpcxpresso_1769.a(board.o)
 .text.Chip_UART_ReadLineStatus
                0x0000000000001486       0x16 /Users/nuriafernandezmingo/Documents/Projects/lpc_board_nxp_lpcxpresso_1769/Debug/liblpc_board_nxp_lpcxpresso_1769.a(board.o)
 .text.__sys_write
                0x000000000000149c       0x38 /Users/nuriafernandezmingo/Documents/Projects/lpc_board_nxp_lpcxpresso_1769/Debug/liblpc_board_nxp_lpcxpresso_1769.a(board.o)
                0x000000000000149c                __sys_write
 .text.Board_LED_Init
                0x00000000000014d4       0x18 /Users/nuriafernandezmingo/Documents/Projects/lpc_board_nxp_lpcxpresso_1769/Debug/liblpc_board_nxp_lpcxpresso_1769.a(board.o)
 .text.Board_UART_Init
                0x00000000000014ec       0x12 /Users/nuriafernandezmingo/Documents/Projects/lpc_board_nxp_lpcxpresso_1769/Debug/liblpc_board_nxp_lpcxpresso_1769.a(board.o)
                0x00000000000014ec                Board_UART_Init
 *fill*         0x00000000000014fe        0x2 ff
 .text.Board_Debug_Init
                0x0000000000001500       0x30 /Users/nuriafernandezmingo/Documents/Projects/lpc_board_nxp_lpcxpresso_1769/Debug/liblpc_board_nxp_lpcxpresso_1769.a(board.o)
                0x0000000000001500                Board_Debug_Init
 .text.Board_UARTPutChar
                0x0000000000001530       0x34 /Users/nuriafernandezmingo/Documents/Projects/lpc_board_nxp_lpcxpresso_1769/Debug/liblpc_board_nxp_lpcxpresso_1769.a(board.o)
                0x0000000000001530                Board_UARTPutChar
 .text.Board_LED_Set
                0x0000000000001564       0x30 /Users/nuriafernandezmingo/Documents/Projects/lpc_board_nxp_lpcxpresso_1769/Debug/liblpc_board_nxp_lpcxpresso_1769.a(board.o)
                0x0000000000001564                Board_LED_Set
 .text.Board_Init
                0x0000000000001594       0x24 /Users/nuriafernandezmingo/Documents/Projects/lpc_board_nxp_lpcxpresso_1769/Debug/liblpc_board_nxp_lpcxpresso_1769.a(board.o)
                0x0000000000001594                Board_Init
 .text.Chip_SYSCTL_SetFLASHAccess
                0x00000000000015b8       0x30 /Users/nuriafernandezmingo/Documents/Projects/lpc_board_nxp_lpcxpresso_1769/Debug/liblpc_board_nxp_lpcxpresso_1769.a(board_sysinit.o)
 .text.Board_SetupMuxing
                0x00000000000015e8       0x1c /Users/nuriafernandezmingo/Documents/Projects/lpc_board_nxp_lpcxpresso_1769/Debug/liblpc_board_nxp_lpcxpresso_1769.a(board_sysinit.o)
                0x00000000000015e8                Board_SetupMuxing
 .text.Board_SetupClocking
                0x0000000000001604       0x12 /Users/nuriafernandezmingo/Documents/Projects/lpc_board_nxp_lpcxpresso_1769/Debug/liblpc_board_nxp_lpcxpresso_1769.a(board_sysinit.o)
                0x0000000000001604                Board_SetupClocking
 .text.Board_SystemInit
                0x0000000000001616       0x10 /Users/nuriafernandezmingo/Documents/Projects/lpc_board_nxp_lpcxpresso_1769/Debug/liblpc_board_nxp_lpcxpresso_1769.a(board_sysinit.o)
                0x0000000000001616                Board_SystemInit
 .text.getFullConvClk
                0x0000000000001626        0xe /Users/nuriafernandezmingo/Documents/Projects/lpc_chip_175x_6x/Debug/liblpc_chip_175x_6x.a(adc_17xx_40xx.o)
 .text.getClkDiv
                0x0000000000001634       0x4c /Users/nuriafernandezmingo/Documents/Projects/lpc_chip_175x_6x/Debug/liblpc_chip_175x_6x.a(adc_17xx_40xx.o)
 .text.setStartMode
                0x0000000000001680       0x2c /Users/nuriafernandezmingo/Documents/Projects/lpc_chip_175x_6x/Debug/liblpc_chip_175x_6x.a(adc_17xx_40xx.o)
                0x0000000000001680                setStartMode
 .text.readAdcVal
                0x00000000000016ac       0x40 /Users/nuriafernandezmingo/Documents/Projects/lpc_chip_175x_6x/Debug/liblpc_chip_175x_6x.a(adc_17xx_40xx.o)
                0x00000000000016ac                readAdcVal
 .text.Chip_ADC_Init
                0x00000000000016ec       0x74 /Users/nuriafernandezmingo/Documents/Projects/lpc_chip_175x_6x/Debug/liblpc_chip_175x_6x.a(adc_17xx_40xx.o)
                0x00000000000016ec                Chip_ADC_Init
 .text.Chip_ADC_ReadValue
                0x0000000000001760       0x24 /Users/nuriafernandezmingo/Documents/Projects/lpc_chip_175x_6x/Debug/liblpc_chip_175x_6x.a(adc_17xx_40xx.o)
                0x0000000000001760                Chip_ADC_ReadValue
 .text.Chip_ADC_ReadStatus
                0x0000000000001784       0x76 /Users/nuriafernandezmingo/Documents/Projects/lpc_chip_175x_6x/Debug/liblpc_chip_175x_6x.a(adc_17xx_40xx.o)
                0x0000000000001784                Chip_ADC_ReadStatus
 .text.Chip_ADC_SetSampleRate
                0x00000000000017fa       0x50 /Users/nuriafernandezmingo/Documents/Projects/lpc_chip_175x_6x/Debug/liblpc_chip_175x_6x.a(adc_17xx_40xx.o)
                0x00000000000017fa                Chip_ADC_SetSampleRate
 .text.Chip_ADC_EnableChannel
                0x000000000000184a       0x54 /Users/nuriafernandezmingo/Documents/Projects/lpc_chip_175x_6x/Debug/liblpc_chip_175x_6x.a(adc_17xx_40xx.o)
                0x000000000000184a                Chip_ADC_EnableChannel
 .text.Chip_ADC_SetBurstCmd
                0x000000000000189e       0x3c /Users/nuriafernandezmingo/Documents/Projects/lpc_chip_175x_6x/Debug/liblpc_chip_175x_6x.a(adc_17xx_40xx.o)
                0x000000000000189e                Chip_ADC_SetBurstCmd
 *fill*         0x00000000000018da        0x2 ff
 .text.SystemCoreClockUpdate
                0x00000000000018dc       0x18 /Users/nuriafernandezmingo/Documents/Projects/lpc_chip_175x_6x/Debug/liblpc_chip_175x_6x.a(chip_17xx_40xx.o)
                0x00000000000018dc                SystemCoreClockUpdate
 .text.Chip_Clock_IsMainPLLEnabled
                0x00000000000018f4       0x24 /Users/nuriafernandezmingo/Documents/Projects/lpc_chip_175x_6x/Debug/liblpc_chip_175x_6x.a(clock_17xx_40xx.o)
 .text.Chip_Clock_IsMainPLLConnected
                0x0000000000001918       0x24 /Users/nuriafernandezmingo/Documents/Projects/lpc_chip_175x_6x/Debug/liblpc_chip_175x_6x.a(clock_17xx_40xx.o)
 .text.Chip_Clock_FeedPLL
                0x000000000000193c       0x34 /Users/nuriafernandezmingo/Documents/Projects/lpc_chip_175x_6x/Debug/liblpc_chip_175x_6x.a(clock_17xx_40xx.o)
 .text.Chip_Clock_GetMainPLLSource
                0x0000000000001970       0x20 /Users/nuriafernandezmingo/Documents/Projects/lpc_chip_175x_6x/Debug/liblpc_chip_175x_6x.a(clock_17xx_40xx.o)
 .text.Chip_Clock_GetMainOscRate
                0x0000000000001990       0x14 /Users/nuriafernandezmingo/Documents/Projects/lpc_chip_175x_6x/Debug/liblpc_chip_175x_6x.a(clock_17xx_40xx.o)
 .text.Chip_Clock_GetIntOscRate
                0x00000000000019a4       0x14 /Users/nuriafernandezmingo/Documents/Projects/lpc_chip_175x_6x/Debug/liblpc_chip_175x_6x.a(clock_17xx_40xx.o)
 .text.Chip_Clock_GetRTCOscRate
                0x00000000000019b8       0x14 /Users/nuriafernandezmingo/Documents/Projects/lpc_chip_175x_6x/Debug/liblpc_chip_175x_6x.a(clock_17xx_40xx.o)
 .text.Chip_Clock_GetMainPLLInClockRate
                0x00000000000019cc        0xe /Users/nuriafernandezmingo/Documents/Projects/lpc_chip_175x_6x/Debug/liblpc_chip_175x_6x.a(clock_17xx_40xx.o)
 *fill*         0x00000000000019da        0x2 ff
 .text.Chip_Clock_EnablePLL
                0x00000000000019dc       0x44 /Users/nuriafernandezmingo/Documents/Projects/lpc_chip_175x_6x/Debug/liblpc_chip_175x_6x.a(clock_17xx_40xx.o)
                0x00000000000019dc                Chip_Clock_EnablePLL
 .text.Chip_Clock_DisablePLL
                0x0000000000001a20       0x48 /Users/nuriafernandezmingo/Documents/Projects/lpc_chip_175x_6x/Debug/liblpc_chip_175x_6x.a(clock_17xx_40xx.o)
                0x0000000000001a20                Chip_Clock_DisablePLL
 .text.Chip_Clock_SetupPLL
                0x0000000000001a68       0x5c /Users/nuriafernandezmingo/Documents/Projects/lpc_chip_175x_6x/Debug/liblpc_chip_175x_6x.a(clock_17xx_40xx.o)
                0x0000000000001a68                Chip_Clock_SetupPLL
 .text.Chip_Clock_EnablePeriphClock
                0x0000000000001ac4       0x34 /Users/nuriafernandezmingo/Documents/Projects/lpc_chip_175x_6x/Debug/liblpc_chip_175x_6x.a(clock_17xx_40xx.o)
                0x0000000000001ac4                Chip_Clock_EnablePeriphClock
 .text.Chip_Clock_GetCPUClockSource
                0x0000000000001af8       0x24 /Users/nuriafernandezmingo/Documents/Projects/lpc_chip_175x_6x/Debug/liblpc_chip_175x_6x.a(clock_17xx_40xx.o)
                0x0000000000001af8                Chip_Clock_GetCPUClockSource
 .text.Chip_Clock_SetCPUClockDiv
                0x0000000000001b1c       0x20 /Users/nuriafernandezmingo/Documents/Projects/lpc_chip_175x_6x/Debug/liblpc_chip_175x_6x.a(clock_17xx_40xx.o)
                0x0000000000001b1c                Chip_Clock_SetCPUClockDiv
 .text.Chip_Clock_GetCPUClockDiv
                0x0000000000001b3c       0x1c /Users/nuriafernandezmingo/Documents/Projects/lpc_chip_175x_6x/Debug/liblpc_chip_175x_6x.a(clock_17xx_40xx.o)
                0x0000000000001b3c                Chip_Clock_GetCPUClockDiv
 .text.Chip_Clock_GetPCLKDiv
                0x0000000000001b58       0x8c /Users/nuriafernandezmingo/Documents/Projects/lpc_chip_175x_6x/Debug/liblpc_chip_175x_6x.a(clock_17xx_40xx.o)
                0x0000000000001b58                Chip_Clock_GetPCLKDiv
 .text.Chip_Clock_GetSYSCLKRate
                0x0000000000001be4       0x34 /Users/nuriafernandezmingo/Documents/Projects/lpc_chip_175x_6x/Debug/liblpc_chip_175x_6x.a(clock_17xx_40xx.o)
                0x0000000000001be4                Chip_Clock_GetSYSCLKRate
 .text.Chip_Clock_GetMainPLLOutClockRate
                0x0000000000001c18       0x54 /Users/nuriafernandezmingo/Documents/Projects/lpc_chip_175x_6x/Debug/liblpc_chip_175x_6x.a(clock_17xx_40xx.o)
                0x0000000000001c18                Chip_Clock_GetMainPLLOutClockRate
 .text.Chip_Clock_GetMainClockRate
                0x0000000000001c6c       0x28 /Users/nuriafernandezmingo/Documents/Projects/lpc_chip_175x_6x/Debug/liblpc_chip_175x_6x.a(clock_17xx_40xx.o)
                0x0000000000001c6c                Chip_Clock_GetMainClockRate
 .text.Chip_Clock_GetSystemClockRate
                0x0000000000001c94       0x18 /Users/nuriafernandezmingo/Documents/Projects/lpc_chip_175x_6x/Debug/liblpc_chip_175x_6x.a(clock_17xx_40xx.o)
                0x0000000000001c94                Chip_Clock_GetSystemClockRate
 .text.Chip_Clock_GetPeripheralClockRate
                0x0000000000001cac       0x26 /Users/nuriafernandezmingo/Documents/Projects/lpc_chip_175x_6x/Debug/liblpc_chip_175x_6x.a(clock_17xx_40xx.o)
                0x0000000000001cac                Chip_Clock_GetPeripheralClockRate
 .text.Chip_IOCON_PinMuxSet
                0x0000000000001cd2       0x36 /Users/nuriafernandezmingo/Documents/Projects/lpc_chip_175x_6x/Debug/liblpc_chip_175x_6x.a(iocon_17xx_40xx.o)
                0x0000000000001cd2                Chip_IOCON_PinMuxSet
 .text.Chip_IOCON_PinMux
                0x0000000000001d08       0x94 /Users/nuriafernandezmingo/Documents/Projects/lpc_chip_175x_6x/Debug/liblpc_chip_175x_6x.a(iocon_17xx_40xx.o)
                0x0000000000001d08                Chip_IOCON_PinMux
 .text.Chip_IOCON_SetPinMuxing
                0x0000000000001d9c       0x62 /Users/nuriafernandezmingo/Documents/Projects/lpc_chip_175x_6x/Debug/liblpc_chip_175x_6x.a(iocon_17xx_40xx.o)
                0x0000000000001d9c                Chip_IOCON_SetPinMuxing
 *fill*         0x0000000000001dfe        0x2 ff
 .text.Chip_Clock_IsMainPLLEnabled
                0x0000000000001e00       0x24 /Users/nuriafernandezmingo/Documents/Projects/lpc_chip_175x_6x/Debug/liblpc_chip_175x_6x.a(sysinit_17xx_40xx.o)
 .text.Chip_Clock_IsMainPLLLocked
                0x0000000000001e24       0x24 /Users/nuriafernandezmingo/Documents/Projects/lpc_chip_175x_6x/Debug/liblpc_chip_175x_6x.a(sysinit_17xx_40xx.o)
 .text.Chip_Clock_IsMainPLLConnected
                0x0000000000001e48       0x24 /Users/nuriafernandezmingo/Documents/Projects/lpc_chip_175x_6x/Debug/liblpc_chip_175x_6x.a(sysinit_17xx_40xx.o)
 .text.Chip_Clock_EnableCrystal
                0x0000000000001e6c       0x20 /Users/nuriafernandezmingo/Documents/Projects/lpc_chip_175x_6x/Debug/liblpc_chip_175x_6x.a(sysinit_17xx_40xx.o)
 .text.Chip_Clock_IsCrystalEnabled
                0x0000000000001e8c       0x24 /Users/nuriafernandezmingo/Documents/Projects/lpc_chip_175x_6x/Debug/liblpc_chip_175x_6x.a(sysinit_17xx_40xx.o)
 .text.Chip_Clock_SetMainPLLSource
                0x0000000000001eb0       0x20 /Users/nuriafernandezmingo/Documents/Projects/lpc_chip_175x_6x/Debug/liblpc_chip_175x_6x.a(sysinit_17xx_40xx.o)
 .text.Chip_SetupXtalClocking
                0x0000000000001ed0       0x90 /Users/nuriafernandezmingo/Documents/Projects/lpc_chip_175x_6x/Debug/liblpc_chip_175x_6x.a(sysinit_17xx_40xx.o)
                0x0000000000001ed0                Chip_SetupXtalClocking
 .text.Chip_UART_SetupFIFOS
                0x0000000000001f60       0x1a /Users/nuriafernandezmingo/Documents/Projects/lpc_chip_175x_6x/Debug/liblpc_chip_175x_6x.a(uart_17xx_40xx.o)
 .text.Chip_UART_ConfigData
                0x0000000000001f7a       0x1a /Users/nuriafernandezmingo/Documents/Projects/lpc_chip_175x_6x/Debug/liblpc_chip_175x_6x.a(uart_17xx_40xx.o)
 .text.Chip_UART_EnableDivisorAccess
                0x0000000000001f94       0x1e /Users/nuriafernandezmingo/Documents/Projects/lpc_chip_175x_6x/Debug/liblpc_chip_175x_6x.a(uart_17xx_40xx.o)
 .text.Chip_UART_DisableDivisorAccess
                0x0000000000001fb2       0x1e /Users/nuriafernandezmingo/Documents/Projects/lpc_chip_175x_6x/Debug/liblpc_chip_175x_6x.a(uart_17xx_40xx.o)
 .text.Chip_UART_SetDivisorLatches
                0x0000000000001fd0       0x26 /Users/nuriafernandezmingo/Documents/Projects/lpc_chip_175x_6x/Debug/liblpc_chip_175x_6x.a(uart_17xx_40xx.o)
 *fill*         0x0000000000001ff6        0x2 ff
 .text.Chip_UART_GetClockIndex
                0x0000000000001ff8       0x50 /Users/nuriafernandezmingo/Documents/Projects/lpc_chip_175x_6x/Debug/liblpc_chip_175x_6x.a(uart_17xx_40xx.o)
 .text.Chip_UART_GetClkIndex
                0x0000000000002048       0x50 /Users/nuriafernandezmingo/Documents/Projects/lpc_chip_175x_6x/Debug/liblpc_chip_175x_6x.a(uart_17xx_40xx.o)
 .text.Chip_UART_Init
                0x0000000000002098       0x78 /Users/nuriafernandezmingo/Documents/Projects/lpc_chip_175x_6x/Debug/liblpc_chip_175x_6x.a(uart_17xx_40xx.o)
                0x0000000000002098                Chip_UART_Init
 .text.Chip_UART_TXEnable
                0x0000000000002110       0x18 /Users/nuriafernandezmingo/Documents/Projects/lpc_chip_175x_6x/Debug/liblpc_chip_175x_6x.a(uart_17xx_40xx.o)
                0x0000000000002110                Chip_UART_TXEnable
 .text.Chip_UART_TXDisable
                0x0000000000002128       0x18 /Users/nuriafernandezmingo/Documents/Projects/lpc_chip_175x_6x/Debug/liblpc_chip_175x_6x.a(uart_17xx_40xx.o)
                0x0000000000002128                Chip_UART_TXDisable
 .text.Chip_UART_SetBaud
                0x0000000000002140       0x62 /Users/nuriafernandezmingo/Documents/Projects/lpc_chip_175x_6x/Debug/liblpc_chip_175x_6x.a(uart_17xx_40xx.o)
                0x0000000000002140                Chip_UART_SetBaud
 .text.__main   0x00000000000021a2        0xe /Applications/MCUXpressoIDE_10.2.1_795/ide/tools/bin/../lib/gcc/arm-none-eabi/7.2.1/../../../../arm-none-eabi/lib/thumb/v7-m/libcr_nohost.a(_cr__main.o)
                0x00000000000021a2                __main
 .text.memset   0x00000000000021b0        0x4 /Applications/MCUXpressoIDE_10.2.1_795/ide/tools/bin/../lib/gcc/arm-none-eabi/7.2.1/../../../../arm-none-eabi/lib/thumb/v7-m/libcr_c.a(memset.o)
                0x00000000000021b0                memset
 .text.malloc   0x00000000000021b4       0xc8 /Applications/MCUXpressoIDE_10.2.1_795/ide/tools/bin/../lib/gcc/arm-none-eabi/7.2.1/../../../../arm-none-eabi/lib/thumb/v7-m/libcr_c.a(alloc.o)
                0x00000000000021b4                malloc
 .text.free     0x000000000000227c       0x30 /Applications/MCUXpressoIDE_10.2.1_795/ide/tools/bin/../lib/gcc/arm-none-eabi/7.2.1/../../../../arm-none-eabi/lib/thumb/v7-m/libcr_c.a(alloc.o)
                0x000000000000227c                free
 .text._Csys_alloc
                0x00000000000022ac       0x20 /Applications/MCUXpressoIDE_10.2.1_795/ide/tools/bin/../lib/gcc/arm-none-eabi/7.2.1/../../../../arm-none-eabi/lib/thumb/v7-m/libcr_c.a(alloc.o)
                0x00000000000022ac                _Csys_alloc
 .text.fp_round
                0x00000000000022cc       0x4c /Applications/MCUXpressoIDE_10.2.1_795/ide/tools/bin/../lib/gcc/arm-none-eabi/7.2.1/../../../../arm-none-eabi/lib/thumb/v7-m/libcr_c.a(fpprintf.o)
 .text.pr_dec.constprop.1
                0x0000000000002318       0x26 /Applications/MCUXpressoIDE_10.2.1_795/ide/tools/bin/../lib/gcc/arm-none-eabi/7.2.1/../../../../arm-none-eabi/lib/thumb/v7-m/libcr_c.a(fpprintf.o)
 *fill*         0x000000000000233e        0x2 ff
 .text.sprintf  0x0000000000002340       0x6c /Applications/MCUXpressoIDE_10.2.1_795/ide/tools/bin/../lib/gcc/arm-none-eabi/7.2.1/../../../../arm-none-eabi/lib/thumb/v7-m/libcr_c.a(fpprintf.o)
                0x0000000000002340                sprintf
 *fill*         0x00000000000023ac        0x4 ff
 .text.fp_display
                0x00000000000023b0      0x96c /Applications/MCUXpressoIDE_10.2.1_795/ide/tools/bin/../lib/gcc/arm-none-eabi/7.2.1/../../../../arm-none-eabi/lib/thumb/v7-m/libcr_c.a(fpprintf.o)
 .text.vsnprintf
                0x0000000000002d1c       0x5c /Applications/MCUXpressoIDE_10.2.1_795/ide/tools/bin/../lib/gcc/arm-none-eabi/7.2.1/../../../../arm-none-eabi/lib/thumb/v7-m/libcr_c.a(fpprintf.o)
                0x0000000000002d1c                vsnprintf
 .text.printf   0x0000000000002d78       0x54 /Applications/MCUXpressoIDE_10.2.1_795/ide/tools/bin/../lib/gcc/arm-none-eabi/7.2.1/../../../../arm-none-eabi/lib/thumb/v7-m/libcr_c.a(fpprintf.o)
                0x0000000000002d78                printf
 .text._initio  0x0000000000002dcc       0x78 /Applications/MCUXpressoIDE_10.2.1_795/ide/tools/bin/../lib/gcc/arm-none-eabi/7.2.1/../../../../arm-none-eabi/lib/thumb/v7-m/libcr_c.a(initio.o)
                0x0000000000002dcc                _initio
 .text.__vfprintf
                0x0000000000002e44      0xb98 /Applications/MCUXpressoIDE_10.2.1_795/ide/tools/bin/../lib/gcc/arm-none-eabi/7.2.1/../../../../arm-none-eabi/lib/thumb/v7-m/libcr_c.a(printf.o)
                0x0000000000002e44                __vfprintf
 .text.setvbuf  0x00000000000039dc       0x40 /Applications/MCUXpressoIDE_10.2.1_795/ide/tools/bin/../lib/gcc/arm-none-eabi/7.2.1/../../../../arm-none-eabi/lib/thumb/v7-m/libcr_c.a(setvbuf.o)
                0x00000000000039dc                setvbuf
 .text.strlen   0x0000000000003a1c       0x4a /Applications/MCUXpressoIDE_10.2.1_795/ide/tools/bin/../lib/gcc/arm-none-eabi/7.2.1/../../../../arm-none-eabi/lib/thumb/v7-m/libcr_c.a(strlen.o)
                0x0000000000003a1c                strlen
 *fill*         0x0000000000003a66        0x2 ff
 .text._sbrk    0x0000000000003a68       0x3c /Applications/MCUXpressoIDE_10.2.1_795/ide/tools/bin/../lib/gcc/arm-none-eabi/7.2.1/../../../../arm-none-eabi/lib/thumb/v7-m/libcr_c.a(_cr_sbrk.o)
                0x0000000000003a68                _sbrk
 .text._deferredlazyseek
                0x0000000000003aa4       0x40 /Applications/MCUXpressoIDE_10.2.1_795/ide/tools/bin/../lib/gcc/arm-none-eabi/7.2.1/../../../../arm-none-eabi/lib/thumb/v7-m/libcr_c.a(_deferredlazyseek.o)
                0x0000000000003aa4                _deferredlazyseek
 .text.__flsbuf
                0x0000000000003ae4      0x140 /Applications/MCUXpressoIDE_10.2.1_795/ide/tools/bin/../lib/gcc/arm-none-eabi/7.2.1/../../../../arm-none-eabi/lib/thumb/v7-m/libcr_c.a(_deferredlazyseek.o)
                0x0000000000003ae4                __flsbuf
 .text._fdopen  0x0000000000003c24       0x68 /Applications/MCUXpressoIDE_10.2.1_795/ide/tools/bin/../lib/gcc/arm-none-eabi/7.2.1/../../../../arm-none-eabi/lib/thumb/v7-m/libcr_c.a(_fdopen.o)
                0x0000000000003c24                _fdopen
 .text._fflush  0x0000000000003c8c       0x52 /Applications/MCUXpressoIDE_10.2.1_795/ide/tools/bin/../lib/gcc/arm-none-eabi/7.2.1/../../../../arm-none-eabi/lib/thumb/v7-m/libcr_c.a(_fflush.o)
                0x0000000000003c8c                _fflush
 .text._frexpl  0x0000000000003cde       0x56 /Applications/MCUXpressoIDE_10.2.1_795/ide/tools/bin/../lib/gcc/arm-none-eabi/7.2.1/../../../../arm-none-eabi/lib/thumb/v7-m/libcr_c.a(_frexpl.o)
                0x0000000000003cde                _frexpl
 .text._ldexpl  0x0000000000003d34       0x4c /Applications/MCUXpressoIDE_10.2.1_795/ide/tools/bin/../lib/gcc/arm-none-eabi/7.2.1/../../../../arm-none-eabi/lib/thumb/v7-m/libcr_c.a(_ldexpl.o)
                0x0000000000003d34                _ldexpl
 .text._Cwritebuf
                0x0000000000003d80       0x6c /Applications/MCUXpressoIDE_10.2.1_795/ide/tools/bin/../lib/gcc/arm-none-eabi/7.2.1/../../../../arm-none-eabi/lib/thumb/v7-m/libcr_c.a(_writebuf.o)
                0x0000000000003d80                _Cwritebuf
 .text.fclose   0x0000000000003dec       0x58 /Applications/MCUXpressoIDE_10.2.1_795/ide/tools/bin/../lib/gcc/arm-none-eabi/7.2.1/../../../../arm-none-eabi/lib/thumb/v7-m/libcr_c.a(fclose.o)
                0x0000000000003dec                fclose
 .text.fflush   0x0000000000003e44       0x44 /Applications/MCUXpressoIDE_10.2.1_795/ide/tools/bin/../lib/gcc/arm-none-eabi/7.2.1/../../../../arm-none-eabi/lib/thumb/v7-m/libcr_c.a(fflush.o)
                0x0000000000003e44                fflush
 .text.fseek    0x0000000000003e88      0x100 /Applications/MCUXpressoIDE_10.2.1_795/ide/tools/bin/../lib/gcc/arm-none-eabi/7.2.1/../../../../arm-none-eabi/lib/thumb/v7-m/libcr_c.a(fseek.o)
                0x0000000000003e88                fseek
 .text.ftell    0x0000000000003f88       0x44 /Applications/MCUXpressoIDE_10.2.1_795/ide/tools/bin/../lib/gcc/arm-none-eabi/7.2.1/../../../../arm-none-eabi/lib/thumb/v7-m/libcr_c.a(ftell.o)
                0x0000000000003f88                ftell
 .text.remove   0x0000000000003fcc       0x14 /Applications/MCUXpressoIDE_10.2.1_795/ide/tools/bin/../lib/gcc/arm-none-eabi/7.2.1/../../../../arm-none-eabi/lib/thumb/v7-m/libcr_c.a(remove.o)
                0x0000000000003fcc                remove
 .text.__check_heap_overflow
                0x0000000000003fe0       0x18 /Applications/MCUXpressoIDE_10.2.1_795/ide/tools/bin/../lib/gcc/arm-none-eabi/7.2.1/../../../../arm-none-eabi/lib/thumb/v7-m/libcr_c.a(_cr_check_heap.o)
                0x0000000000003fe0                __check_heap_overflow
 .text._do_fflush
                0x0000000000003ff8       0x40 /Applications/MCUXpressoIDE_10.2.1_795/ide/tools/bin/../lib/gcc/arm-none-eabi/7.2.1/../../../../arm-none-eabi/lib/thumb/v7-m/libcr_c.a(_do_fflush.o)
                0x0000000000003ff8                _do_fflush
 .text.__aeabi_dmul
                0x0000000000004038      0x10c /Applications/MCUXpressoIDE_10.2.1_795/ide/tools/bin/../lib/gcc/arm-none-eabi/7.2.1/thumb/v7-m/libcr_eabihelpers.a(double.o)
                0x0000000000004038                __aeabi_dmul
 .text.__aeabi_ddiv
                0x0000000000004144      0x130 /Applications/MCUXpressoIDE_10.2.1_795/ide/tools/bin/../lib/gcc/arm-none-eabi/7.2.1/thumb/v7-m/libcr_eabihelpers.a(double.o)
                0x0000000000004144                __aeabi_ddiv
 .text.__aeabi_dsub
                0x0000000000004274      0x1b0 /Applications/MCUXpressoIDE_10.2.1_795/ide/tools/bin/../lib/gcc/arm-none-eabi/7.2.1/thumb/v7-m/libcr_eabihelpers.a(double.o)
                0x0000000000004274                __aeabi_dsub
 .text.__aeabi_dadd
                0x0000000000004424      0x10c /Applications/MCUXpressoIDE_10.2.1_795/ide/tools/bin/../lib/gcc/arm-none-eabi/7.2.1/thumb/v7-m/libcr_eabihelpers.a(double.o)
                0x0000000000004424                __aeabi_dadd
 .text.__aeabi_d2iz
                0x0000000000004530       0x40 /Applications/MCUXpressoIDE_10.2.1_795/ide/tools/bin/../lib/gcc/arm-none-eabi/7.2.1/thumb/v7-m/libcr_eabihelpers.a(double.o)
                0x0000000000004530                __aeabi_d2iz
 .text.__bhs_ui2d
                0x0000000000004570       0x46 /Applications/MCUXpressoIDE_10.2.1_795/ide/tools/bin/../lib/gcc/arm-none-eabi/7.2.1/thumb/v7-m/libcr_eabihelpers.a(double.o)
                0x0000000000004570                __bhs_ui2d
 .text.__aeabi_i2d
                0x00000000000045b6       0x12 /Applications/MCUXpressoIDE_10.2.1_795/ide/tools/bin/../lib/gcc/arm-none-eabi/7.2.1/thumb/v7-m/libcr_eabihelpers.a(double.o)
                0x00000000000045b6                __aeabi_i2d
 .text.__aeabi_dcmpeq
                0x00000000000045c8       0x2c /Applications/MCUXpressoIDE_10.2.1_795/ide/tools/bin/../lib/gcc/arm-none-eabi/7.2.1/thumb/v7-m/libcr_eabihelpers.a(double.o)
                0x00000000000045c8                __aeabi_dcmpeq
 .text.__aeabi_dcmplt
                0x00000000000045f4       0x54 /Applications/MCUXpressoIDE_10.2.1_795/ide/tools/bin/../lib/gcc/arm-none-eabi/7.2.1/thumb/v7-m/libcr_eabihelpers.a(double.o)
                0x00000000000045f4                __aeabi_dcmplt
 .text.__aeabi_dcmple
                0x0000000000004648       0x54 /Applications/MCUXpressoIDE_10.2.1_795/ide/tools/bin/../lib/gcc/arm-none-eabi/7.2.1/thumb/v7-m/libcr_eabihelpers.a(double.o)
                0x0000000000004648                __aeabi_dcmple
 .text.__aeabi_dcmpge
                0x000000000000469c       0x54 /Applications/MCUXpressoIDE_10.2.1_795/ide/tools/bin/../lib/gcc/arm-none-eabi/7.2.1/thumb/v7-m/libcr_eabihelpers.a(double.o)
                0x000000000000469c                __aeabi_dcmpge
 .text.__aeabi_memset_lowlevel
                0x00000000000046f0       0x32 /Applications/MCUXpressoIDE_10.2.1_795/ide/tools/bin/../lib/gcc/arm-none-eabi/7.2.1/thumb/v7-m/libcr_eabihelpers.a(memcpy.o)
                0x00000000000046f0                __aeabi_lowlevel_memset
 .text.__sys_appexit
                0x0000000000004722        0x2 /Applications/MCUXpressoIDE_10.2.1_795/ide/tools/bin/../lib/gcc/arm-none-eabi/7.2.1/../../../../arm-none-eabi/lib/thumb/v7-m/libcr_nohost.a(__sys_appexit.o)
                0x0000000000004722                __exit
                0x0000000000004722                __sys_appexit
 .text.__sys_close
                0x0000000000004724        0x6 /Applications/MCUXpressoIDE_10.2.1_795/ide/tools/bin/../lib/gcc/arm-none-eabi/7.2.1/../../../../arm-none-eabi/lib/thumb/v7-m/libcr_nohost.a(__sys_close.o)
                0x0000000000004724                __sys_close
 .text.__sys_flen
                0x000000000000472a        0x6 /Applications/MCUXpressoIDE_10.2.1_795/ide/tools/bin/../lib/gcc/arm-none-eabi/7.2.1/../../../../arm-none-eabi/lib/thumb/v7-m/libcr_nohost.a(__sys_flen.o)
                0x000000000000472a                __sys_flen
 .text.__sys_istty
                0x0000000000004730        0x6 /Applications/MCUXpressoIDE_10.2.1_795/ide/tools/bin/../lib/gcc/arm-none-eabi/7.2.1/../../../../arm-none-eabi/lib/thumb/v7-m/libcr_nohost.a(__sys_istty.o)
                0x0000000000004730                __sys_istty
 .text.__sys_remove
                0x0000000000004736        0x6 /Applications/MCUXpressoIDE_10.2.1_795/ide/tools/bin/../lib/gcc/arm-none-eabi/7.2.1/../../../../arm-none-eabi/lib/thumb/v7-m/libcr_nohost.a(__sys_remove.o)
                0x0000000000004736                __sys_remove
 .text.__sys_seek
                0x000000000000473c        0x6 /Applications/MCUXpressoIDE_10.2.1_795/ide/tools/bin/../lib/gcc/arm-none-eabi/7.2.1/../../../../arm-none-eabi/lib/thumb/v7-m/libcr_nohost.a(__sys_seek.o)
                0x000000000000473c                __sys_seek
 .text.__sys_tmpnam
                0x0000000000004742        0x6 /Applications/MCUXpressoIDE_10.2.1_795/ide/tools/bin/../lib/gcc/arm-none-eabi/7.2.1/../../../../arm-none-eabi/lib/thumb/v7-m/libcr_nohost.a(__sys_tmpnam.o)
                0x0000000000004742                __sys_tmpnam
 *(.rodata .rodata.* .constdata .constdata.*)
 .rodata        0x0000000000004748       0x5a ./src/SaveYourPlants.o
 *fill*         0x00000000000047a2        0x2 ff
 .rodata        0x00000000000047a4        0x5 /Users/nuriafernandezmingo/Documents/Projects/FreeRTOSlib/Debug/libFreeRTOSlib.a(tasks.o)
 *fill*         0x00000000000047a9        0x3 ff
 .rodata.OscRateIn
                0x00000000000047ac        0x4 /Users/nuriafernandezmingo/Documents/Projects/lpc_board_nxp_lpcxpresso_1769/Debug/liblpc_board_nxp_lpcxpresso_1769.a(board.o)
                0x00000000000047ac                OscRateIn
 .rodata.RTCOscRateIn
                0x00000000000047b0        0x4 /Users/nuriafernandezmingo/Documents/Projects/lpc_board_nxp_lpcxpresso_1769/Debug/liblpc_board_nxp_lpcxpresso_1769.a(board.o)
                0x00000000000047b0                RTCOscRateIn
 .rodata.pinmuxing
                0x00000000000047b4       0x5c /Users/nuriafernandezmingo/Documents/Projects/lpc_board_nxp_lpcxpresso_1769/Debug/liblpc_board_nxp_lpcxpresso_1769.a(board_sysinit.o)
 .rodata._Csys_alloc.str1.1
                0x0000000000004810       0x18 /Applications/MCUXpressoIDE_10.2.1_795/ide/tools/bin/../lib/gcc/arm-none-eabi/7.2.1/../../../../arm-none-eabi/lib/thumb/v7-m/libcr_c.a(alloc.o)
 .rodata.fp_display.str1.1
                0x0000000000004828       0x34 /Applications/MCUXpressoIDE_10.2.1_795/ide/tools/bin/../lib/gcc/arm-none-eabi/7.2.1/../../../../arm-none-eabi/lib/thumb/v7-m/libcr_c.a(fpprintf.o)
                                         0x35 (size before relaxing)
 .rodata._initio.str1.1
                0x000000000000485c        0x4 /Applications/MCUXpressoIDE_10.2.1_795/ide/tools/bin/../lib/gcc/arm-none-eabi/7.2.1/../../../../arm-none-eabi/lib/thumb/v7-m/libcr_c.a(initio.o)
 .rodata.__vfprintf.str1.1
                0x0000000000004860       0x31 /Applications/MCUXpressoIDE_10.2.1_795/ide/tools/bin/../lib/gcc/arm-none-eabi/7.2.1/../../../../arm-none-eabi/lib/thumb/v7-m/libcr_c.a(printf.o)
                                         0x38 (size before relaxing)
 *fill*         0x0000000000004891        0x7 ff
 .rodata.__huge_vall
                0x0000000000004898        0x8 /Applications/MCUXpressoIDE_10.2.1_795/ide/tools/bin/../lib/gcc/arm-none-eabi/7.2.1/../../../../arm-none-eabi/lib/thumb/v7-m/libcr_c.a(_hugeval.o)
                0x0000000000004898                __huge_vall
 .rodata.__num_Ciob_streams
                0x00000000000048a0        0x4 /Applications/MCUXpressoIDE_10.2.1_795/ide/tools/bin/../lib/gcc/arm-none-eabi/7.2.1/../../../../arm-none-eabi/lib/thumb/v7-m/libcr_nohost.a(__ciob.o)
                0x00000000000048a0                __num_Ciob_streams
                0x00000000000048a4                . = ALIGN (0x4)

.glue_7         0x00000000000048a4        0x0
 .glue_7        0x00000000000048a4        0x0 linker stubs

.glue_7t        0x00000000000048a4        0x0
 .glue_7t       0x00000000000048a4        0x0 linker stubs

.vfp11_veneer   0x00000000000048a4        0x0
 .vfp11_veneer  0x00000000000048a4        0x0 linker stubs

.v4_bx          0x00000000000048a4        0x0
 .v4_bx         0x00000000000048a4        0x0 linker stubs

.iplt           0x00000000000048a4        0x0
 .iplt          0x00000000000048a4        0x0 ./src/SaveYourPlants.o

.rel.dyn        0x00000000000048a4        0x0
 .rel.iplt      0x00000000000048a4        0x0 ./src/SaveYourPlants.o

.ARM.extab
 *(.ARM.extab* .gnu.linkonce.armextab.*)
                0x00000000000048a4                __exidx_start = .

.ARM.exidx
 *(.ARM.exidx* .gnu.linkonce.armexidx.*)
                0x00000000000048a4                __exidx_end = .
                0x00000000000048a4                _etext = .

.data_RAM2      0x000000002007c000        0x0 load address 0x00000000000048a4
 FILL mask 0xff
                [!provide]                        PROVIDE (__start_data_RAM2, .)
 *(.ramfunc.$RAM2)
 *(.ramfunc.$RamAHB32)
 *(.data.$RAM2*)
 *(.data.$RamAHB32*)
                0x000000002007c000                . = ALIGN (0x4)
                [!provide]                        PROVIDE (__end_data_RAM2, .)

.uninit_RESERVED
                0x0000000010000000        0x0
 *(.bss.$RESERVED*)
                0x0000000010000000                . = ALIGN (0x4)
                0x0000000010000000                _end_uninit_RESERVED = .

.data           0x0000000010000000        0x8 load address 0x00000000000048a4
 FILL mask 0xff
                0x0000000010000000                _data = .
 *(vtable)
 *(.ramfunc*)
 *(.data*)
 .data.xNextTaskUnblockTime
                0x0000000010000000        0x4 /Users/nuriafernandezmingo/Documents/Projects/FreeRTOSlib/Debug/libFreeRTOSlib.a(tasks.o)
 .data.uxCriticalNesting
                0x0000000010000004        0x4 /Users/nuriafernandezmingo/Documents/Projects/FreeRTOSlib/Debug/libFreeRTOSlib.a(port.o)
                0x0000000010000008                . = ALIGN (0x4)
                0x0000000010000008                _edata = .

.igot.plt       0x0000000010000008        0x0 load address 0x00000000000048ac
 .igot.plt      0x0000000010000008        0x0 ./src/SaveYourPlants.o

.bss_RAM2       0x000000002007c000        0x0
                [!provide]                        PROVIDE (__start_bss_RAM2, .)
 *(.bss.$RAM2*)
 *(.bss.$RamAHB32*)
                0x000000002007c000                . = ALIGN ((. != 0x0)?0x4:0x1)
                [!provide]                        PROVIDE (__end_bss_RAM2, .)

.bss            0x0000000010000008      0x34c
                0x0000000010000008                _bss = .
 *(.bss*)
 .bss.ADCSetup  0x0000000010000008        0x8 ./src/SaveYourPlants.o
 .bss.humiditySensors
                0x0000000010000010       0x10 ./src/SaveYourPlants.o
 .bss.pxCurrentTCB
                0x0000000010000020        0x4 /Users/nuriafernandezmingo/Documents/Projects/FreeRTOSlib/Debug/libFreeRTOSlib.a(tasks.o)
                0x0000000010000020                pxCurrentTCB
 .bss.pxReadyTasksLists
                0x0000000010000024       0xa0 /Users/nuriafernandezmingo/Documents/Projects/FreeRTOSlib/Debug/libFreeRTOSlib.a(tasks.o)
 .bss.xDelayedTaskList1
                0x00000000100000c4       0x14 /Users/nuriafernandezmingo/Documents/Projects/FreeRTOSlib/Debug/libFreeRTOSlib.a(tasks.o)
 .bss.xDelayedTaskList2
                0x00000000100000d8       0x14 /Users/nuriafernandezmingo/Documents/Projects/FreeRTOSlib/Debug/libFreeRTOSlib.a(tasks.o)
 .bss.pxDelayedTaskList
                0x00000000100000ec        0x4 /Users/nuriafernandezmingo/Documents/Projects/FreeRTOSlib/Debug/libFreeRTOSlib.a(tasks.o)
 .bss.pxOverflowDelayedTaskList
                0x00000000100000f0        0x4 /Users/nuriafernandezmingo/Documents/Projects/FreeRTOSlib/Debug/libFreeRTOSlib.a(tasks.o)
 .bss.xPendingReadyList
                0x00000000100000f4       0x14 /Users/nuriafernandezmingo/Documents/Projects/FreeRTOSlib/Debug/libFreeRTOSlib.a(tasks.o)
 .bss.xTasksWaitingTermination
                0x0000000010000108       0x14 /Users/nuriafernandezmingo/Documents/Projects/FreeRTOSlib/Debug/libFreeRTOSlib.a(tasks.o)
 .bss.uxTasksDeleted
                0x000000001000011c        0x4 /Users/nuriafernandezmingo/Documents/Projects/FreeRTOSlib/Debug/libFreeRTOSlib.a(tasks.o)
 .bss.xSuspendedTaskList
                0x0000000010000120       0x14 /Users/nuriafernandezmingo/Documents/Projects/FreeRTOSlib/Debug/libFreeRTOSlib.a(tasks.o)
 .bss.uxCurrentNumberOfTasks
                0x0000000010000134        0x4 /Users/nuriafernandezmingo/Documents/Projects/FreeRTOSlib/Debug/libFreeRTOSlib.a(tasks.o)
 .bss.xTickCount
                0x0000000010000138        0x4 /Users/nuriafernandezmingo/Documents/Projects/FreeRTOSlib/Debug/libFreeRTOSlib.a(tasks.o)
 .bss.uxTopReadyPriority
                0x000000001000013c        0x4 /Users/nuriafernandezmingo/Documents/Projects/FreeRTOSlib/Debug/libFreeRTOSlib.a(tasks.o)
 .bss.xSchedulerRunning
                0x0000000010000140        0x4 /Users/nuriafernandezmingo/Documents/Projects/FreeRTOSlib/Debug/libFreeRTOSlib.a(tasks.o)
 .bss.uxSchedulerSuspended
                0x0000000010000144        0x4 /Users/nuriafernandezmingo/Documents/Projects/FreeRTOSlib/Debug/libFreeRTOSlib.a(tasks.o)
 .bss.uxPendedTicks
                0x0000000010000148        0x4 /Users/nuriafernandezmingo/Documents/Projects/FreeRTOSlib/Debug/libFreeRTOSlib.a(tasks.o)
 .bss.xYieldPending
                0x000000001000014c        0x4 /Users/nuriafernandezmingo/Documents/Projects/FreeRTOSlib/Debug/libFreeRTOSlib.a(tasks.o)
 .bss.xNumOfOverflows
                0x0000000010000150        0x4 /Users/nuriafernandezmingo/Documents/Projects/FreeRTOSlib/Debug/libFreeRTOSlib.a(tasks.o)
 .bss.uxTaskNumber
                0x0000000010000154        0x4 /Users/nuriafernandezmingo/Documents/Projects/FreeRTOSlib/Debug/libFreeRTOSlib.a(tasks.o)
 .bss.ulTimerCountsForOneTick
                0x0000000010000158        0x4 /Users/nuriafernandezmingo/Documents/Projects/FreeRTOSlib/Debug/libFreeRTOSlib.a(port.o)
 .bss.xMaximumPossibleSuppressedTicks
                0x000000001000015c        0x4 /Users/nuriafernandezmingo/Documents/Projects/FreeRTOSlib/Debug/libFreeRTOSlib.a(port.o)
 .bss.ulStoppedTimerCompensation
                0x0000000010000160        0x4 /Users/nuriafernandezmingo/Documents/Projects/FreeRTOSlib/Debug/libFreeRTOSlib.a(port.o)
 .bss.__end_of_heap
                0x0000000010000164        0x4 /Applications/MCUXpressoIDE_10.2.1_795/ide/tools/bin/../lib/gcc/arm-none-eabi/7.2.1/../../../../arm-none-eabi/lib/thumb/v7-m/libcr_c.a(__init_alloc.o)
                0x0000000010000164                __end_of_heap
 .bss.__heaps   0x0000000010000168        0x4 /Applications/MCUXpressoIDE_10.2.1_795/ide/tools/bin/../lib/gcc/arm-none-eabi/7.2.1/../../../../arm-none-eabi/lib/thumb/v7-m/libcr_c.a(__init_alloc.o)
                0x0000000010000168                __heaps
 .bss.errno     0x000000001000016c        0x4 /Applications/MCUXpressoIDE_10.2.1_795/ide/tools/bin/../lib/gcc/arm-none-eabi/7.2.1/../../../../arm-none-eabi/lib/thumb/v7-m/libcr_c.a(errno.o)
                0x000000001000016c                errno
 .bss.__Ciob    0x0000000010000170      0x1e0 /Applications/MCUXpressoIDE_10.2.1_795/ide/tools/bin/../lib/gcc/arm-none-eabi/7.2.1/../../../../arm-none-eabi/lib/thumb/v7-m/libcr_nohost.a(__ciob.o)
                0x0000000010000170                __Ciob
 *(COMMON)
 COMMON         0x0000000010000350        0x4 /Users/nuriafernandezmingo/Documents/Projects/lpc_chip_175x_6x/Debug/liblpc_chip_175x_6x.a(chip_17xx_40xx.o)
                0x0000000010000350                SystemCoreClock
                0x0000000010000354                . = ALIGN (0x4)
                0x0000000010000354                _ebss = .
                [!provide]                        PROVIDE (end, .)

.noinit_RAM2    0x000000002007c000        0x0
 *(.noinit.$RAM2*)
 *(.noinit.$RamAHB32*)
                0x000000002007c000                . = ALIGN (0x4)

.noinit         0x0000000010000354        0x0
                0x0000000010000354                _noinit = .
 *(.noinit*)
                0x0000000010000354                . = ALIGN (0x4)
                0x0000000010000354                _end_noinit = .
                0x0000000010000354                PROVIDE (_pvHeapStart, DEFINED (__user_heap_base)?__user_heap_base:.)
                0x0000000010008000                PROVIDE (_vStackTop, DEFINED (__user_stack_top)?__user_stack_top:(__top_RamLoc32 - 0x0))
                0xffffffffefff74de                PROVIDE (__valid_user_code_checksum, (0x0 - ((((((_vStackTop + (ResetISR + 0x1)) + (NMI_Handler + 0x1)) + (HardFault_Handler + 0x1)) + (DEFINED (MemManage_Handler)?MemManage_Handler:0x0 + 0x1)) + (DEFINED (BusFault_Handler)?BusFault_Handler:0x0 + 0x1)) + (DEFINED (UsageFault_Handler)?UsageFault_Handler:0x0 + 0x1))))
                0x0000000000000000                _image_start = LOADADDR (.text)
                0x00000000000048ac                _image_end = (LOADADDR (.data) + SIZEOF (.data))
                0x00000000000048ac                _image_size = (_image_end - _image_start)
OUTPUT(SaveYourPlants.axf elf32-littlearm)

.debug_info     0x0000000000000000     0x7799
 .debug_info    0x0000000000000000      0x53e ./src/SaveYourPlants.o
 .debug_info    0x000000000000053e      0x255 ./src/cr_startup_lpc175x_6x.o
 .debug_info    0x0000000000000793       0x3f ./src/crp.o
 .debug_info    0x00000000000007d2      0x232 ./src/sysinit.o
 .debug_info    0x0000000000000a04     0x132c /Users/nuriafernandezmingo/Documents/Projects/FreeRTOSlib/Debug/libFreeRTOSlib.a(tasks.o)
 .debug_info    0x0000000000001d30      0x2d0 /Users/nuriafernandezmingo/Documents/Projects/FreeRTOSlib/Debug/libFreeRTOSlib.a(FreeRTOSCommonHooks.o)
 .debug_info    0x0000000000002000      0x261 /Users/nuriafernandezmingo/Documents/Projects/FreeRTOSlib/Debug/libFreeRTOSlib.a(heap_3.o)
 .debug_info    0x0000000000002261      0x3fc /Users/nuriafernandezmingo/Documents/Projects/FreeRTOSlib/Debug/libFreeRTOSlib.a(list.o)
 .debug_info    0x000000000000265d      0x4ff /Users/nuriafernandezmingo/Documents/Projects/FreeRTOSlib/Debug/libFreeRTOSlib.a(port.o)
 .debug_info    0x0000000000002b5c     0x150a /Users/nuriafernandezmingo/Documents/Projects/lpc_board_nxp_lpcxpresso_1769/Debug/liblpc_board_nxp_lpcxpresso_1769.a(board.o)
 .debug_info    0x0000000000004066      0x6c3 /Users/nuriafernandezmingo/Documents/Projects/lpc_board_nxp_lpcxpresso_1769/Debug/liblpc_board_nxp_lpcxpresso_1769.a(board_sysinit.o)
 .debug_info    0x0000000000004729      0x8cf /Users/nuriafernandezmingo/Documents/Projects/lpc_chip_175x_6x/Debug/liblpc_chip_175x_6x.a(adc_17xx_40xx.o)
 .debug_info    0x0000000000004ff8      0x558 /Users/nuriafernandezmingo/Documents/Projects/lpc_chip_175x_6x/Debug/liblpc_chip_175x_6x.a(chip_17xx_40xx.o)
 .debug_info    0x0000000000005550      0xba2 /Users/nuriafernandezmingo/Documents/Projects/lpc_chip_175x_6x/Debug/liblpc_chip_175x_6x.a(clock_17xx_40xx.o)
 .debug_info    0x00000000000060f2      0x31e /Users/nuriafernandezmingo/Documents/Projects/lpc_chip_175x_6x/Debug/liblpc_chip_175x_6x.a(iocon_17xx_40xx.o)
 .debug_info    0x0000000000006410      0x474 /Users/nuriafernandezmingo/Documents/Projects/lpc_chip_175x_6x/Debug/liblpc_chip_175x_6x.a(sysinit_17xx_40xx.o)
 .debug_info    0x0000000000006884      0xf15 /Users/nuriafernandezmingo/Documents/Projects/lpc_chip_175x_6x/Debug/liblpc_chip_175x_6x.a(uart_17xx_40xx.o)

.debug_abbrev   0x0000000000000000     0x1d14
 .debug_abbrev  0x0000000000000000      0x186 ./src/SaveYourPlants.o
 .debug_abbrev  0x0000000000000186      0x114 ./src/cr_startup_lpc175x_6x.o
 .debug_abbrev  0x000000000000029a       0x36 ./src/crp.o
 .debug_abbrev  0x00000000000002d0       0xdd ./src/sysinit.o
 .debug_abbrev  0x00000000000003ad      0x254 /Users/nuriafernandezmingo/Documents/Projects/FreeRTOSlib/Debug/libFreeRTOSlib.a(tasks.o)
 .debug_abbrev  0x0000000000000601      0x165 /Users/nuriafernandezmingo/Documents/Projects/FreeRTOSlib/Debug/libFreeRTOSlib.a(FreeRTOSCommonHooks.o)
 .debug_abbrev  0x0000000000000766      0x117 /Users/nuriafernandezmingo/Documents/Projects/FreeRTOSlib/Debug/libFreeRTOSlib.a(heap_3.o)
 .debug_abbrev  0x000000000000087d      0x122 /Users/nuriafernandezmingo/Documents/Projects/FreeRTOSlib/Debug/libFreeRTOSlib.a(list.o)
 .debug_abbrev  0x000000000000099f      0x21b /Users/nuriafernandezmingo/Documents/Projects/FreeRTOSlib/Debug/libFreeRTOSlib.a(port.o)
 .debug_abbrev  0x0000000000000bba      0x3c8 /Users/nuriafernandezmingo/Documents/Projects/lpc_board_nxp_lpcxpresso_1769/Debug/liblpc_board_nxp_lpcxpresso_1769.a(board.o)
 .debug_abbrev  0x0000000000000f82      0x180 /Users/nuriafernandezmingo/Documents/Projects/lpc_board_nxp_lpcxpresso_1769/Debug/liblpc_board_nxp_lpcxpresso_1769.a(board_sysinit.o)
 .debug_abbrev  0x0000000000001102      0x1ce /Users/nuriafernandezmingo/Documents/Projects/lpc_chip_175x_6x/Debug/liblpc_chip_175x_6x.a(adc_17xx_40xx.o)
 .debug_abbrev  0x00000000000012d0      0x151 /Users/nuriafernandezmingo/Documents/Projects/lpc_chip_175x_6x/Debug/liblpc_chip_175x_6x.a(chip_17xx_40xx.o)
 .debug_abbrev  0x0000000000001421      0x309 /Users/nuriafernandezmingo/Documents/Projects/lpc_chip_175x_6x/Debug/liblpc_chip_175x_6x.a(clock_17xx_40xx.o)
 .debug_abbrev  0x000000000000172a      0x14a /Users/nuriafernandezmingo/Documents/Projects/lpc_chip_175x_6x/Debug/liblpc_chip_175x_6x.a(iocon_17xx_40xx.o)
 .debug_abbrev  0x0000000000001874      0x18e /Users/nuriafernandezmingo/Documents/Projects/lpc_chip_175x_6x/Debug/liblpc_chip_175x_6x.a(sysinit_17xx_40xx.o)
 .debug_abbrev  0x0000000000001a02      0x312 /Users/nuriafernandezmingo/Documents/Projects/lpc_chip_175x_6x/Debug/liblpc_chip_175x_6x.a(uart_17xx_40xx.o)

.debug_aranges  0x0000000000000000      0x8d0
 .debug_aranges
                0x0000000000000000       0x40 ./src/SaveYourPlants.o
 .debug_aranges
                0x0000000000000040       0x80 ./src/cr_startup_lpc175x_6x.o
 .debug_aranges
                0x00000000000000c0       0x18 ./src/crp.o
 .debug_aranges
                0x00000000000000d8       0x20 ./src/sysinit.o
 .debug_aranges
                0x00000000000000f8      0x170 /Users/nuriafernandezmingo/Documents/Projects/FreeRTOSlib/Debug/libFreeRTOSlib.a(tasks.o)
 .debug_aranges
                0x0000000000000268       0x40 /Users/nuriafernandezmingo/Documents/Projects/FreeRTOSlib/Debug/libFreeRTOSlib.a(FreeRTOSCommonHooks.o)
 .debug_aranges
                0x00000000000002a8       0x28 /Users/nuriafernandezmingo/Documents/Projects/FreeRTOSlib/Debug/libFreeRTOSlib.a(heap_3.o)
 .debug_aranges
                0x00000000000002d0       0x40 /Users/nuriafernandezmingo/Documents/Projects/FreeRTOSlib/Debug/libFreeRTOSlib.a(list.o)
 .debug_aranges
                0x0000000000000310       0x90 /Users/nuriafernandezmingo/Documents/Projects/FreeRTOSlib/Debug/libFreeRTOSlib.a(port.o)
 .debug_aranges
                0x00000000000003a0      0x160 /Users/nuriafernandezmingo/Documents/Projects/lpc_board_nxp_lpcxpresso_1769/Debug/liblpc_board_nxp_lpcxpresso_1769.a(board.o)
 .debug_aranges
                0x0000000000000500       0x38 /Users/nuriafernandezmingo/Documents/Projects/lpc_board_nxp_lpcxpresso_1769/Debug/liblpc_board_nxp_lpcxpresso_1769.a(board_sysinit.o)
 .debug_aranges
                0x0000000000000538       0x88 /Users/nuriafernandezmingo/Documents/Projects/lpc_chip_175x_6x/Debug/liblpc_chip_175x_6x.a(adc_17xx_40xx.o)
 .debug_aranges
                0x00000000000005c0       0x38 /Users/nuriafernandezmingo/Documents/Projects/lpc_chip_175x_6x/Debug/liblpc_chip_175x_6x.a(chip_17xx_40xx.o)
 .debug_aranges
                0x00000000000005f8      0x120 /Users/nuriafernandezmingo/Documents/Projects/lpc_chip_175x_6x/Debug/liblpc_chip_175x_6x.a(clock_17xx_40xx.o)
 .debug_aranges
                0x0000000000000718       0x30 /Users/nuriafernandezmingo/Documents/Projects/lpc_chip_175x_6x/Debug/liblpc_chip_175x_6x.a(iocon_17xx_40xx.o)
 .debug_aranges
                0x0000000000000748       0x60 /Users/nuriafernandezmingo/Documents/Projects/lpc_chip_175x_6x/Debug/liblpc_chip_175x_6x.a(sysinit_17xx_40xx.o)
 .debug_aranges
                0x00000000000007a8      0x128 /Users/nuriafernandezmingo/Documents/Projects/lpc_chip_175x_6x/Debug/liblpc_chip_175x_6x.a(uart_17xx_40xx.o)

.debug_ranges   0x0000000000000000      0x7b8
 .debug_ranges  0x0000000000000000       0x30 ./src/SaveYourPlants.o
 .debug_ranges  0x0000000000000030       0x70 ./src/cr_startup_lpc175x_6x.o
 .debug_ranges  0x00000000000000a0       0x10 ./src/sysinit.o
 .debug_ranges  0x00000000000000b0      0x160 /Users/nuriafernandezmingo/Documents/Projects/FreeRTOSlib/Debug/libFreeRTOSlib.a(tasks.o)
 .debug_ranges  0x0000000000000210       0x30 /Users/nuriafernandezmingo/Documents/Projects/FreeRTOSlib/Debug/libFreeRTOSlib.a(FreeRTOSCommonHooks.o)
 .debug_ranges  0x0000000000000240       0x18 /Users/nuriafernandezmingo/Documents/Projects/FreeRTOSlib/Debug/libFreeRTOSlib.a(heap_3.o)
 .debug_ranges  0x0000000000000258       0x30 /Users/nuriafernandezmingo/Documents/Projects/FreeRTOSlib/Debug/libFreeRTOSlib.a(list.o)
 .debug_ranges  0x0000000000000288       0x80 /Users/nuriafernandezmingo/Documents/Projects/FreeRTOSlib/Debug/libFreeRTOSlib.a(port.o)
 .debug_ranges  0x0000000000000308      0x150 /Users/nuriafernandezmingo/Documents/Projects/lpc_board_nxp_lpcxpresso_1769/Debug/liblpc_board_nxp_lpcxpresso_1769.a(board.o)
 .debug_ranges  0x0000000000000458       0x28 /Users/nuriafernandezmingo/Documents/Projects/lpc_board_nxp_lpcxpresso_1769/Debug/liblpc_board_nxp_lpcxpresso_1769.a(board_sysinit.o)
 .debug_ranges  0x0000000000000480       0x78 /Users/nuriafernandezmingo/Documents/Projects/lpc_chip_175x_6x/Debug/liblpc_chip_175x_6x.a(adc_17xx_40xx.o)
 .debug_ranges  0x00000000000004f8       0x28 /Users/nuriafernandezmingo/Documents/Projects/lpc_chip_175x_6x/Debug/liblpc_chip_175x_6x.a(chip_17xx_40xx.o)
 .debug_ranges  0x0000000000000520      0x110 /Users/nuriafernandezmingo/Documents/Projects/lpc_chip_175x_6x/Debug/liblpc_chip_175x_6x.a(clock_17xx_40xx.o)
 .debug_ranges  0x0000000000000630       0x20 /Users/nuriafernandezmingo/Documents/Projects/lpc_chip_175x_6x/Debug/liblpc_chip_175x_6x.a(iocon_17xx_40xx.o)
 .debug_ranges  0x0000000000000650       0x50 /Users/nuriafernandezmingo/Documents/Projects/lpc_chip_175x_6x/Debug/liblpc_chip_175x_6x.a(sysinit_17xx_40xx.o)
 .debug_ranges  0x00000000000006a0      0x118 /Users/nuriafernandezmingo/Documents/Projects/lpc_chip_175x_6x/Debug/liblpc_chip_175x_6x.a(uart_17xx_40xx.o)

.debug_macro    0x0000000000000000     0x7964
 .debug_macro   0x0000000000000000      0x29e ./src/SaveYourPlants.o
 .debug_macro   0x000000000000029e      0xa6c ./src/SaveYourPlants.o
 .debug_macro   0x0000000000000d0a       0x10 ./src/SaveYourPlants.o
 .debug_macro   0x0000000000000d1a      0x12d ./src/SaveYourPlants.o
 .debug_macro   0x0000000000000e47      0x5b2 ./src/SaveYourPlants.o
 .debug_macro   0x00000000000013f9       0x22 ./src/SaveYourPlants.o
 .debug_macro   0x000000000000141b       0x7b ./src/SaveYourPlants.o
 .debug_macro   0x0000000000001496       0x10 ./src/SaveYourPlants.o
 .debug_macro   0x00000000000014a6       0x2d ./src/SaveYourPlants.o
 .debug_macro   0x00000000000014d3       0x3a ./src/SaveYourPlants.o
 .debug_macro   0x000000000000150d       0x2d ./src/SaveYourPlants.o
 .debug_macro   0x000000000000153a      0xbb1 ./src/SaveYourPlants.o
 .debug_macro   0x00000000000020eb      0x22c ./src/SaveYourPlants.o
 .debug_macro   0x0000000000002317       0x42 ./src/SaveYourPlants.o
 .debug_macro   0x0000000000002359       0x52 ./src/SaveYourPlants.o
 .debug_macro   0x00000000000023ab       0x78 ./src/SaveYourPlants.o
 .debug_macro   0x0000000000002423       0x82 ./src/SaveYourPlants.o
 .debug_macro   0x00000000000024a5      0x48c ./src/SaveYourPlants.o
 .debug_macro   0x0000000000002931       0x34 ./src/SaveYourPlants.o
 .debug_macro   0x0000000000002965      0x4c5 ./src/SaveYourPlants.o
 .debug_macro   0x0000000000002e2a      0x1b7 ./src/SaveYourPlants.o
 .debug_macro   0x0000000000002fe1       0x10 ./src/SaveYourPlants.o
 .debug_macro   0x0000000000002ff1      0x21b ./src/SaveYourPlants.o
 .debug_macro   0x000000000000320c      0x1b9 ./src/SaveYourPlants.o
 .debug_macro   0x00000000000033c5       0x40 ./src/SaveYourPlants.o
 .debug_macro   0x0000000000003405       0x22 ./src/SaveYourPlants.o
 .debug_macro   0x0000000000003427      0x162 ./src/SaveYourPlants.o
 .debug_macro   0x0000000000003589       0x94 ./src/SaveYourPlants.o
 .debug_macro   0x000000000000361d       0xb8 ./src/SaveYourPlants.o
 .debug_macro   0x00000000000036d5       0x4c ./src/SaveYourPlants.o
 .debug_macro   0x0000000000003721       0x16 ./src/SaveYourPlants.o
 .debug_macro   0x0000000000003737      0x328 ./src/SaveYourPlants.o
 .debug_macro   0x0000000000003a5f       0x49 ./src/SaveYourPlants.o
 .debug_macro   0x0000000000003aa8       0x16 ./src/SaveYourPlants.o
 .debug_macro   0x0000000000003abe       0xca ./src/SaveYourPlants.o
 .debug_macro   0x0000000000003b88       0x18 ./src/SaveYourPlants.o
 .debug_macro   0x0000000000003ba0       0x70 ./src/SaveYourPlants.o
 .debug_macro   0x0000000000003c10       0x9a ./src/SaveYourPlants.o
 .debug_macro   0x0000000000003caa       0x20 ./src/SaveYourPlants.o
 .debug_macro   0x0000000000003cca       0x28 ./src/SaveYourPlants.o
 .debug_macro   0x0000000000003cf2       0x10 ./src/SaveYourPlants.o
 .debug_macro   0x0000000000003d02       0x46 ./src/SaveYourPlants.o
 .debug_macro   0x0000000000003d48       0xf4 ./src/SaveYourPlants.o
 .debug_macro   0x0000000000003e3c       0xab ./src/SaveYourPlants.o
 .debug_macro   0x0000000000003ee7       0x12 ./src/SaveYourPlants.o
 .debug_macro   0x0000000000003ef9       0x1f ./src/SaveYourPlants.o
 .debug_macro   0x0000000000003f18      0x257 ./src/SaveYourPlants.o
 .debug_macro   0x000000000000416f       0x64 ./src/SaveYourPlants.o
 .debug_macro   0x00000000000041d3       0x57 ./src/SaveYourPlants.o
 .debug_macro   0x000000000000422a       0x1d ./src/cr_startup_lpc175x_6x.o
 .debug_macro   0x0000000000004247       0x1a ./src/crp.o
 .debug_macro   0x0000000000004261       0x34 ./src/crp.o
 .debug_macro   0x0000000000004295      0x217 ./src/sysinit.o
 .debug_macro   0x00000000000044ac      0x336 /Users/nuriafernandezmingo/Documents/Projects/FreeRTOSlib/Debug/libFreeRTOSlib.a(tasks.o)
 .debug_macro   0x00000000000047e2      0xa6c /Users/nuriafernandezmingo/Documents/Projects/FreeRTOSlib/Debug/libFreeRTOSlib.a(tasks.o)
 .debug_macro   0x000000000000524e       0x28 /Users/nuriafernandezmingo/Documents/Projects/FreeRTOSlib/Debug/libFreeRTOSlib.a(tasks.o)
 .debug_macro   0x0000000000005276       0x74 /Users/nuriafernandezmingo/Documents/Projects/FreeRTOSlib/Debug/libFreeRTOSlib.a(tasks.o)
 .debug_macro   0x00000000000052ea       0x11 /Users/nuriafernandezmingo/Documents/Projects/FreeRTOSlib/Debug/libFreeRTOSlib.a(tasks.o)
 .debug_macro   0x00000000000052fb       0xee /Users/nuriafernandezmingo/Documents/Projects/FreeRTOSlib/Debug/libFreeRTOSlib.a(tasks.o)
 .debug_macro   0x00000000000053e9       0x5b /Users/nuriafernandezmingo/Documents/Projects/FreeRTOSlib/Debug/libFreeRTOSlib.a(tasks.o)
 .debug_macro   0x0000000000005444       0x16 /Users/nuriafernandezmingo/Documents/Projects/FreeRTOSlib/Debug/libFreeRTOSlib.a(tasks.o)
 .debug_macro   0x000000000000545a      0x29c /Users/nuriafernandezmingo/Documents/Projects/FreeRTOSlib/Debug/libFreeRTOSlib.a(FreeRTOSCommonHooks.o)
 .debug_macro   0x00000000000056f6       0x16 /Users/nuriafernandezmingo/Documents/Projects/FreeRTOSlib/Debug/libFreeRTOSlib.a(FreeRTOSCommonHooks.o)
 .debug_macro   0x000000000000570c      0x2b2 /Users/nuriafernandezmingo/Documents/Projects/FreeRTOSlib/Debug/libFreeRTOSlib.a(heap_3.o)
 .debug_macro   0x00000000000059be      0x297 /Users/nuriafernandezmingo/Documents/Projects/FreeRTOSlib/Debug/libFreeRTOSlib.a(list.o)
 .debug_macro   0x0000000000005c55      0x329 /Users/nuriafernandezmingo/Documents/Projects/FreeRTOSlib/Debug/libFreeRTOSlib.a(port.o)
 .debug_macro   0x0000000000005f7e      0x289 /Users/nuriafernandezmingo/Documents/Projects/lpc_board_nxp_lpcxpresso_1769/Debug/liblpc_board_nxp_lpcxpresso_1769.a(board.o)
 .debug_macro   0x0000000000006207      0xa66 /Users/nuriafernandezmingo/Documents/Projects/lpc_board_nxp_lpcxpresso_1769/Debug/liblpc_board_nxp_lpcxpresso_1769.a(board.o)
 .debug_macro   0x0000000000006c6d       0x12 /Users/nuriafernandezmingo/Documents/Projects/lpc_board_nxp_lpcxpresso_1769/Debug/liblpc_board_nxp_lpcxpresso_1769.a(board.o)
 .debug_macro   0x0000000000006c7f      0x217 /Users/nuriafernandezmingo/Documents/Projects/lpc_board_nxp_lpcxpresso_1769/Debug/liblpc_board_nxp_lpcxpresso_1769.a(board_sysinit.o)
 .debug_macro   0x0000000000006e96      0x1cd /Users/nuriafernandezmingo/Documents/Projects/lpc_chip_175x_6x/Debug/liblpc_chip_175x_6x.a(adc_17xx_40xx.o)
 .debug_macro   0x0000000000007063      0x1cd /Users/nuriafernandezmingo/Documents/Projects/lpc_chip_175x_6x/Debug/liblpc_chip_175x_6x.a(chip_17xx_40xx.o)
 .debug_macro   0x0000000000007230      0x1cd /Users/nuriafernandezmingo/Documents/Projects/lpc_chip_175x_6x/Debug/liblpc_chip_175x_6x.a(clock_17xx_40xx.o)
 .debug_macro   0x00000000000073fd      0x1cd /Users/nuriafernandezmingo/Documents/Projects/lpc_chip_175x_6x/Debug/liblpc_chip_175x_6x.a(iocon_17xx_40xx.o)
 .debug_macro   0x00000000000075ca      0x1cd /Users/nuriafernandezmingo/Documents/Projects/lpc_chip_175x_6x/Debug/liblpc_chip_175x_6x.a(sysinit_17xx_40xx.o)
 .debug_macro   0x0000000000007797      0x1cd /Users/nuriafernandezmingo/Documents/Projects/lpc_chip_175x_6x/Debug/liblpc_chip_175x_6x.a(uart_17xx_40xx.o)

.debug_line     0x0000000000000000     0x5d74
 .debug_line    0x0000000000000000      0x5cf ./src/SaveYourPlants.o
 .debug_line    0x00000000000005cf       0xd3 ./src/cr_startup_lpc175x_6x.o
 .debug_line    0x00000000000006a2       0x7c ./src/crp.o
 .debug_line    0x000000000000071e      0x489 ./src/sysinit.o
 .debug_line    0x0000000000000ba7      0xc66 /Users/nuriafernandezmingo/Documents/Projects/FreeRTOSlib/Debug/libFreeRTOSlib.a(tasks.o)
 .debug_line    0x000000000000180d      0x5c1 /Users/nuriafernandezmingo/Documents/Projects/FreeRTOSlib/Debug/libFreeRTOSlib.a(FreeRTOSCommonHooks.o)
 .debug_line    0x0000000000001dce      0x566 /Users/nuriafernandezmingo/Documents/Projects/FreeRTOSlib/Debug/libFreeRTOSlib.a(heap_3.o)
 .debug_line    0x0000000000002334      0x5b2 /Users/nuriafernandezmingo/Documents/Projects/FreeRTOSlib/Debug/libFreeRTOSlib.a(list.o)
 .debug_line    0x00000000000028e6      0x698 /Users/nuriafernandezmingo/Documents/Projects/FreeRTOSlib/Debug/libFreeRTOSlib.a(port.o)
 .debug_line    0x0000000000002f7e      0x844 /Users/nuriafernandezmingo/Documents/Projects/lpc_board_nxp_lpcxpresso_1769/Debug/liblpc_board_nxp_lpcxpresso_1769.a(board.o)
 .debug_line    0x00000000000037c2      0x4c9 /Users/nuriafernandezmingo/Documents/Projects/lpc_board_nxp_lpcxpresso_1769/Debug/liblpc_board_nxp_lpcxpresso_1769.a(board_sysinit.o)
 .debug_line    0x0000000000003c8b      0x52f /Users/nuriafernandezmingo/Documents/Projects/lpc_chip_175x_6x/Debug/liblpc_chip_175x_6x.a(adc_17xx_40xx.o)
 .debug_line    0x00000000000041ba      0x457 /Users/nuriafernandezmingo/Documents/Projects/lpc_chip_175x_6x/Debug/liblpc_chip_175x_6x.a(chip_17xx_40xx.o)
 .debug_line    0x0000000000004611      0x6d3 /Users/nuriafernandezmingo/Documents/Projects/lpc_chip_175x_6x/Debug/liblpc_chip_175x_6x.a(clock_17xx_40xx.o)
 .debug_line    0x0000000000004ce4      0x443 /Users/nuriafernandezmingo/Documents/Projects/lpc_chip_175x_6x/Debug/liblpc_chip_175x_6x.a(iocon_17xx_40xx.o)
 .debug_line    0x0000000000005127      0x4cd /Users/nuriafernandezmingo/Documents/Projects/lpc_chip_175x_6x/Debug/liblpc_chip_175x_6x.a(sysinit_17xx_40xx.o)
 .debug_line    0x00000000000055f4      0x780 /Users/nuriafernandezmingo/Documents/Projects/lpc_chip_175x_6x/Debug/liblpc_chip_175x_6x.a(uart_17xx_40xx.o)

.debug_str      0x0000000000000000    0x178d2
 .debug_str     0x0000000000000000    0x13651 ./src/SaveYourPlants.o
                                      0x13746 (size before relaxing)
 .debug_str     0x0000000000013651      0x1ab ./src/cr_startup_lpc175x_6x.o
                                       0x2ecf (size before relaxing)
 .debug_str     0x00000000000137fc       0xe9 ./src/crp.o
                                       0x2ddc (size before relaxing)
 .debug_str     0x00000000000138e5       0x1b ./src/sysinit.o
                                      0x112b1 (size before relaxing)
 .debug_str     0x0000000000013900     0x1747 /Users/nuriafernandezmingo/Documents/Projects/FreeRTOSlib/Debug/libFreeRTOSlib.a(tasks.o)
                                      0x14c7e (size before relaxing)
 .debug_str     0x0000000000015047       0xad /Users/nuriafernandezmingo/Documents/Projects/FreeRTOSlib/Debug/libFreeRTOSlib.a(FreeRTOSCommonHooks.o)
                                      0x13463 (size before relaxing)
 .debug_str     0x00000000000150f4       0x3c /Users/nuriafernandezmingo/Documents/Projects/FreeRTOSlib/Debug/libFreeRTOSlib.a(heap_3.o)
                                      0x13477 (size before relaxing)
 .debug_str     0x0000000000015130       0x9b /Users/nuriafernandezmingo/Documents/Projects/FreeRTOSlib/Debug/libFreeRTOSlib.a(list.o)
                                      0x131bc (size before relaxing)
 .debug_str     0x00000000000151cb      0x6e1 /Users/nuriafernandezmingo/Documents/Projects/FreeRTOSlib/Debug/libFreeRTOSlib.a(port.o)
                                      0x13cb3 (size before relaxing)
 .debug_str     0x00000000000158ac      0xdac /Users/nuriafernandezmingo/Documents/Projects/lpc_board_nxp_lpcxpresso_1769/Debug/liblpc_board_nxp_lpcxpresso_1769.a(board.o)
                                      0x12174 (size before relaxing)
 .debug_str     0x0000000000016658      0x22d /Users/nuriafernandezmingo/Documents/Projects/lpc_board_nxp_lpcxpresso_1769/Debug/liblpc_board_nxp_lpcxpresso_1769.a(board_sysinit.o)
                                      0x116ae (size before relaxing)
 .debug_str     0x0000000000016885      0x4f8 /Users/nuriafernandezmingo/Documents/Projects/lpc_chip_175x_6x/Debug/liblpc_chip_175x_6x.a(adc_17xx_40xx.o)
                                      0x115b1 (size before relaxing)
 .debug_str     0x0000000000016d7d       0x73 /Users/nuriafernandezmingo/Documents/Projects/lpc_chip_175x_6x/Debug/liblpc_chip_175x_6x.a(chip_17xx_40xx.o)
                                      0x112fe (size before relaxing)
 .debug_str     0x0000000000016df0      0x623 /Users/nuriafernandezmingo/Documents/Projects/lpc_chip_175x_6x/Debug/liblpc_chip_175x_6x.a(clock_17xx_40xx.o)
                                      0x1197c (size before relaxing)
 .debug_str     0x0000000000017413       0x74 /Users/nuriafernandezmingo/Documents/Projects/lpc_chip_175x_6x/Debug/liblpc_chip_175x_6x.a(iocon_17xx_40xx.o)
                                      0x10df9 (size before relaxing)
 .debug_str     0x0000000000017487       0xc4 /Users/nuriafernandezmingo/Documents/Projects/lpc_chip_175x_6x/Debug/liblpc_chip_175x_6x.a(sysinit_17xx_40xx.o)
                                      0x10fe1 (size before relaxing)
 .debug_str     0x000000000001754b      0x387 /Users/nuriafernandezmingo/Documents/Projects/lpc_chip_175x_6x/Debug/liblpc_chip_175x_6x.a(uart_17xx_40xx.o)
                                      0x11851 (size before relaxing)

.comment        0x0000000000000000       0x7e
 .comment       0x0000000000000000       0x7e ./src/SaveYourPlants.o
                                         0x7f (size before relaxing)
 .comment       0x000000000000007e       0x7f ./src/cr_startup_lpc175x_6x.o
 .comment       0x000000000000007e       0x7f ./src/crp.o
 .comment       0x000000000000007e       0x7f ./src/sysinit.o
 .comment       0x000000000000007e       0x7f /Users/nuriafernandezmingo/Documents/Projects/FreeRTOSlib/Debug/libFreeRTOSlib.a(tasks.o)
 .comment       0x000000000000007e       0x7f /Users/nuriafernandezmingo/Documents/Projects/FreeRTOSlib/Debug/libFreeRTOSlib.a(FreeRTOSCommonHooks.o)
 .comment       0x000000000000007e       0x7f /Users/nuriafernandezmingo/Documents/Projects/FreeRTOSlib/Debug/libFreeRTOSlib.a(heap_3.o)
 .comment       0x000000000000007e       0x7f /Users/nuriafernandezmingo/Documents/Projects/FreeRTOSlib/Debug/libFreeRTOSlib.a(list.o)
 .comment       0x000000000000007e       0x7f /Users/nuriafernandezmingo/Documents/Projects/FreeRTOSlib/Debug/libFreeRTOSlib.a(port.o)
 .comment       0x000000000000007e       0x7f /Users/nuriafernandezmingo/Documents/Projects/lpc_board_nxp_lpcxpresso_1769/Debug/liblpc_board_nxp_lpcxpresso_1769.a(board.o)
 .comment       0x000000000000007e       0x7f /Users/nuriafernandezmingo/Documents/Projects/lpc_board_nxp_lpcxpresso_1769/Debug/liblpc_board_nxp_lpcxpresso_1769.a(board_sysinit.o)
 .comment       0x000000000000007e       0x7f /Users/nuriafernandezmingo/Documents/Projects/lpc_chip_175x_6x/Debug/liblpc_chip_175x_6x.a(adc_17xx_40xx.o)
 .comment       0x000000000000007e       0x7f /Users/nuriafernandezmingo/Documents/Projects/lpc_chip_175x_6x/Debug/liblpc_chip_175x_6x.a(chip_17xx_40xx.o)
 .comment       0x000000000000007e       0x7f /Users/nuriafernandezmingo/Documents/Projects/lpc_chip_175x_6x/Debug/liblpc_chip_175x_6x.a(clock_17xx_40xx.o)
 .comment       0x000000000000007e       0x7f /Users/nuriafernandezmingo/Documents/Projects/lpc_chip_175x_6x/Debug/liblpc_chip_175x_6x.a(iocon_17xx_40xx.o)
 .comment       0x000000000000007e       0x7f /Users/nuriafernandezmingo/Documents/Projects/lpc_chip_175x_6x/Debug/liblpc_chip_175x_6x.a(sysinit_17xx_40xx.o)
 .comment       0x000000000000007e       0x7f /Users/nuriafernandezmingo/Documents/Projects/lpc_chip_175x_6x/Debug/liblpc_chip_175x_6x.a(uart_17xx_40xx.o)
 .comment       0x000000000000007e       0x7f /Applications/MCUXpressoIDE_10.2.1_795/ide/tools/bin/../lib/gcc/arm-none-eabi/7.2.1/../../../../arm-none-eabi/lib/thumb/v7-m/libcr_nohost.a(_cr__main.o)
 .comment       0x000000000000007e       0x7f /Applications/MCUXpressoIDE_10.2.1_795/ide/tools/bin/../lib/gcc/arm-none-eabi/7.2.1/../../../../arm-none-eabi/lib/thumb/v7-m/libcr_c.a(memset.o)
 .comment       0x000000000000007e       0x7f /Applications/MCUXpressoIDE_10.2.1_795/ide/tools/bin/../lib/gcc/arm-none-eabi/7.2.1/../../../../arm-none-eabi/lib/thumb/v7-m/libcr_c.a(alloc.o)
 .comment       0x000000000000007e       0x7f /Applications/MCUXpressoIDE_10.2.1_795/ide/tools/bin/../lib/gcc/arm-none-eabi/7.2.1/../../../../arm-none-eabi/lib/thumb/v7-m/libcr_c.a(fpprintf.o)
 .comment       0x000000000000007e       0x7f /Applications/MCUXpressoIDE_10.2.1_795/ide/tools/bin/../lib/gcc/arm-none-eabi/7.2.1/../../../../arm-none-eabi/lib/thumb/v7-m/libcr_c.a(initio.o)
 .comment       0x000000000000007e       0x7f /Applications/MCUXpressoIDE_10.2.1_795/ide/tools/bin/../lib/gcc/arm-none-eabi/7.2.1/../../../../arm-none-eabi/lib/thumb/v7-m/libcr_c.a(printf.o)
 .comment       0x000000000000007e       0x7f /Applications/MCUXpressoIDE_10.2.1_795/ide/tools/bin/../lib/gcc/arm-none-eabi/7.2.1/../../../../arm-none-eabi/lib/thumb/v7-m/libcr_c.a(setvbuf.o)
 .comment       0x000000000000007e       0x7f /Applications/MCUXpressoIDE_10.2.1_795/ide/tools/bin/../lib/gcc/arm-none-eabi/7.2.1/../../../../arm-none-eabi/lib/thumb/v7-m/libcr_c.a(strlen.o)
 .comment       0x000000000000007e       0x7f /Applications/MCUXpressoIDE_10.2.1_795/ide/tools/bin/../lib/gcc/arm-none-eabi/7.2.1/../../../../arm-none-eabi/lib/thumb/v7-m/libcr_c.a(__init_alloc.o)
 .comment       0x000000000000007e       0x7f /Applications/MCUXpressoIDE_10.2.1_795/ide/tools/bin/../lib/gcc/arm-none-eabi/7.2.1/../../../../arm-none-eabi/lib/thumb/v7-m/libcr_c.a(_cr_sbrk.o)
 .comment       0x000000000000007e       0x7f /Applications/MCUXpressoIDE_10.2.1_795/ide/tools/bin/../lib/gcc/arm-none-eabi/7.2.1/../../../../arm-none-eabi/lib/thumb/v7-m/libcr_c.a(_deferredlazyseek.o)
 .comment       0x000000000000007e       0x7f /Applications/MCUXpressoIDE_10.2.1_795/ide/tools/bin/../lib/gcc/arm-none-eabi/7.2.1/../../../../arm-none-eabi/lib/thumb/v7-m/libcr_c.a(_fdopen.o)
 .comment       0x000000000000007e       0x7f /Applications/MCUXpressoIDE_10.2.1_795/ide/tools/bin/../lib/gcc/arm-none-eabi/7.2.1/../../../../arm-none-eabi/lib/thumb/v7-m/libcr_c.a(_fflush.o)
 .comment       0x000000000000007e       0x7f /Applications/MCUXpressoIDE_10.2.1_795/ide/tools/bin/../lib/gcc/arm-none-eabi/7.2.1/../../../../arm-none-eabi/lib/thumb/v7-m/libcr_c.a(_frexpl.o)
 .comment       0x000000000000007e       0x7f /Applications/MCUXpressoIDE_10.2.1_795/ide/tools/bin/../lib/gcc/arm-none-eabi/7.2.1/../../../../arm-none-eabi/lib/thumb/v7-m/libcr_c.a(_ldexpl.o)
 .comment       0x000000000000007e       0x7f /Applications/MCUXpressoIDE_10.2.1_795/ide/tools/bin/../lib/gcc/arm-none-eabi/7.2.1/../../../../arm-none-eabi/lib/thumb/v7-m/libcr_c.a(_writebuf.o)
 .comment       0x000000000000007e       0x7f /Applications/MCUXpressoIDE_10.2.1_795/ide/tools/bin/../lib/gcc/arm-none-eabi/7.2.1/../../../../arm-none-eabi/lib/thumb/v7-m/libcr_c.a(errno.o)
 .comment       0x000000000000007e       0x7f /Applications/MCUXpressoIDE_10.2.1_795/ide/tools/bin/../lib/gcc/arm-none-eabi/7.2.1/../../../../arm-none-eabi/lib/thumb/v7-m/libcr_c.a(fclose.o)
 .comment       0x000000000000007e       0x7f /Applications/MCUXpressoIDE_10.2.1_795/ide/tools/bin/../lib/gcc/arm-none-eabi/7.2.1/../../../../arm-none-eabi/lib/thumb/v7-m/libcr_c.a(fflush.o)
 .comment       0x000000000000007e       0x7f /Applications/MCUXpressoIDE_10.2.1_795/ide/tools/bin/../lib/gcc/arm-none-eabi/7.2.1/../../../../arm-none-eabi/lib/thumb/v7-m/libcr_c.a(fseek.o)
 .comment       0x000000000000007e       0x7f /Applications/MCUXpressoIDE_10.2.1_795/ide/tools/bin/../lib/gcc/arm-none-eabi/7.2.1/../../../../arm-none-eabi/lib/thumb/v7-m/libcr_c.a(ftell.o)
 .comment       0x000000000000007e       0x7f /Applications/MCUXpressoIDE_10.2.1_795/ide/tools/bin/../lib/gcc/arm-none-eabi/7.2.1/../../../../arm-none-eabi/lib/thumb/v7-m/libcr_c.a(remove.o)
 .comment       0x000000000000007e       0x7f /Applications/MCUXpressoIDE_10.2.1_795/ide/tools/bin/../lib/gcc/arm-none-eabi/7.2.1/../../../../arm-none-eabi/lib/thumb/v7-m/libcr_c.a(_cr_check_heap.o)
 .comment       0x000000000000007e       0x7f /Applications/MCUXpressoIDE_10.2.1_795/ide/tools/bin/../lib/gcc/arm-none-eabi/7.2.1/../../../../arm-none-eabi/lib/thumb/v7-m/libcr_c.a(_do_fflush.o)
 .comment       0x000000000000007e       0x7f /Applications/MCUXpressoIDE_10.2.1_795/ide/tools/bin/../lib/gcc/arm-none-eabi/7.2.1/../../../../arm-none-eabi/lib/thumb/v7-m/libcr_c.a(_hugeval.o)
 .comment       0x000000000000007e       0x7f /Applications/MCUXpressoIDE_10.2.1_795/ide/tools/bin/../lib/gcc/arm-none-eabi/7.2.1/thumb/v7-m/libcr_eabihelpers.a(double.o)
 .comment       0x000000000000007e       0x7f /Applications/MCUXpressoIDE_10.2.1_795/ide/tools/bin/../lib/gcc/arm-none-eabi/7.2.1/../../../../arm-none-eabi/lib/thumb/v7-m/libcr_nohost.a(__ciob.o)
 .comment       0x000000000000007e       0x7f /Applications/MCUXpressoIDE_10.2.1_795/ide/tools/bin/../lib/gcc/arm-none-eabi/7.2.1/../../../../arm-none-eabi/lib/thumb/v7-m/libcr_nohost.a(__sys_appexit.o)
 .comment       0x000000000000007e       0x7f /Applications/MCUXpressoIDE_10.2.1_795/ide/tools/bin/../lib/gcc/arm-none-eabi/7.2.1/../../../../arm-none-eabi/lib/thumb/v7-m/libcr_nohost.a(__sys_close.o)
 .comment       0x000000000000007e       0x7f /Applications/MCUXpressoIDE_10.2.1_795/ide/tools/bin/../lib/gcc/arm-none-eabi/7.2.1/../../../../arm-none-eabi/lib/thumb/v7-m/libcr_nohost.a(__sys_flen.o)
 .comment       0x000000000000007e       0x7f /Applications/MCUXpressoIDE_10.2.1_795/ide/tools/bin/../lib/gcc/arm-none-eabi/7.2.1/../../../../arm-none-eabi/lib/thumb/v7-m/libcr_nohost.a(__sys_istty.o)
 .comment       0x000000000000007e       0x7f /Applications/MCUXpressoIDE_10.2.1_795/ide/tools/bin/../lib/gcc/arm-none-eabi/7.2.1/../../../../arm-none-eabi/lib/thumb/v7-m/libcr_nohost.a(__sys_remove.o)
 .comment       0x000000000000007e       0x7f /Applications/MCUXpressoIDE_10.2.1_795/ide/tools/bin/../lib/gcc/arm-none-eabi/7.2.1/../../../../arm-none-eabi/lib/thumb/v7-m/libcr_nohost.a(__sys_seek.o)
 .comment       0x000000000000007e       0x7f /Applications/MCUXpressoIDE_10.2.1_795/ide/tools/bin/../lib/gcc/arm-none-eabi/7.2.1/../../../../arm-none-eabi/lib/thumb/v7-m/libcr_nohost.a(__sys_tmpnam.o)

.ARM.attributes
                0x0000000000000000       0x31
 .ARM.attributes
                0x0000000000000000       0x33 ./src/SaveYourPlants.o
 .ARM.attributes
                0x0000000000000033       0x33 ./src/cr_startup_lpc175x_6x.o
 .ARM.attributes
                0x0000000000000066       0x33 ./src/crp.o
 .ARM.attributes
                0x0000000000000099       0x33 ./src/sysinit.o
 .ARM.attributes
                0x00000000000000cc       0x33 /Users/nuriafernandezmingo/Documents/Projects/FreeRTOSlib/Debug/libFreeRTOSlib.a(tasks.o)
 .ARM.attributes
                0x00000000000000ff       0x33 /Users/nuriafernandezmingo/Documents/Projects/FreeRTOSlib/Debug/libFreeRTOSlib.a(FreeRTOSCommonHooks.o)
 .ARM.attributes
                0x0000000000000132       0x33 /Users/nuriafernandezmingo/Documents/Projects/FreeRTOSlib/Debug/libFreeRTOSlib.a(heap_3.o)
 .ARM.attributes
                0x0000000000000165       0x33 /Users/nuriafernandezmingo/Documents/Projects/FreeRTOSlib/Debug/libFreeRTOSlib.a(list.o)
 .ARM.attributes
                0x0000000000000198       0x33 /Users/nuriafernandezmingo/Documents/Projects/FreeRTOSlib/Debug/libFreeRTOSlib.a(port.o)
 .ARM.attributes
                0x00000000000001cb       0x33 /Users/nuriafernandezmingo/Documents/Projects/lpc_board_nxp_lpcxpresso_1769/Debug/liblpc_board_nxp_lpcxpresso_1769.a(board.o)
 .ARM.attributes
                0x00000000000001fe       0x33 /Users/nuriafernandezmingo/Documents/Projects/lpc_board_nxp_lpcxpresso_1769/Debug/liblpc_board_nxp_lpcxpresso_1769.a(board_sysinit.o)
 .ARM.attributes
                0x0000000000000231       0x33 /Users/nuriafernandezmingo/Documents/Projects/lpc_chip_175x_6x/Debug/liblpc_chip_175x_6x.a(adc_17xx_40xx.o)
 .ARM.attributes
                0x0000000000000264       0x33 /Users/nuriafernandezmingo/Documents/Projects/lpc_chip_175x_6x/Debug/liblpc_chip_175x_6x.a(chip_17xx_40xx.o)
 .ARM.attributes
                0x0000000000000297       0x33 /Users/nuriafernandezmingo/Documents/Projects/lpc_chip_175x_6x/Debug/liblpc_chip_175x_6x.a(clock_17xx_40xx.o)
 .ARM.attributes
                0x00000000000002ca       0x33 /Users/nuriafernandezmingo/Documents/Projects/lpc_chip_175x_6x/Debug/liblpc_chip_175x_6x.a(iocon_17xx_40xx.o)
 .ARM.attributes
                0x00000000000002fd       0x33 /Users/nuriafernandezmingo/Documents/Projects/lpc_chip_175x_6x/Debug/liblpc_chip_175x_6x.a(sysinit_17xx_40xx.o)
 .ARM.attributes
                0x0000000000000330       0x33 /Users/nuriafernandezmingo/Documents/Projects/lpc_chip_175x_6x/Debug/liblpc_chip_175x_6x.a(uart_17xx_40xx.o)
 .ARM.attributes
                0x0000000000000363       0x33 /Applications/MCUXpressoIDE_10.2.1_795/ide/tools/bin/../lib/gcc/arm-none-eabi/7.2.1/../../../../arm-none-eabi/lib/thumb/v7-m/libcr_nohost.a(_cr__main.o)
 .ARM.attributes
                0x0000000000000396       0x33 /Applications/MCUXpressoIDE_10.2.1_795/ide/tools/bin/../lib/gcc/arm-none-eabi/7.2.1/../../../../arm-none-eabi/lib/thumb/v7-m/libcr_c.a(memset.o)
 .ARM.attributes
                0x00000000000003c9       0x33 /Applications/MCUXpressoIDE_10.2.1_795/ide/tools/bin/../lib/gcc/arm-none-eabi/7.2.1/../../../../arm-none-eabi/lib/thumb/v7-m/libcr_c.a(alloc.o)
 .ARM.attributes
                0x00000000000003fc       0x33 /Applications/MCUXpressoIDE_10.2.1_795/ide/tools/bin/../lib/gcc/arm-none-eabi/7.2.1/../../../../arm-none-eabi/lib/thumb/v7-m/libcr_c.a(fpprintf.o)
 .ARM.attributes
                0x000000000000042f       0x33 /Applications/MCUXpressoIDE_10.2.1_795/ide/tools/bin/../lib/gcc/arm-none-eabi/7.2.1/../../../../arm-none-eabi/lib/thumb/v7-m/libcr_c.a(initio.o)
 .ARM.attributes
                0x0000000000000462       0x33 /Applications/MCUXpressoIDE_10.2.1_795/ide/tools/bin/../lib/gcc/arm-none-eabi/7.2.1/../../../../arm-none-eabi/lib/thumb/v7-m/libcr_c.a(printf.o)
 .ARM.attributes
                0x0000000000000495       0x33 /Applications/MCUXpressoIDE_10.2.1_795/ide/tools/bin/../lib/gcc/arm-none-eabi/7.2.1/../../../../arm-none-eabi/lib/thumb/v7-m/libcr_c.a(setvbuf.o)
 .ARM.attributes
                0x00000000000004c8       0x33 /Applications/MCUXpressoIDE_10.2.1_795/ide/tools/bin/../lib/gcc/arm-none-eabi/7.2.1/../../../../arm-none-eabi/lib/thumb/v7-m/libcr_c.a(strlen.o)
 .ARM.attributes
                0x00000000000004fb       0x33 /Applications/MCUXpressoIDE_10.2.1_795/ide/tools/bin/../lib/gcc/arm-none-eabi/7.2.1/../../../../arm-none-eabi/lib/thumb/v7-m/libcr_c.a(__init_alloc.o)
 .ARM.attributes
                0x000000000000052e       0x33 /Applications/MCUXpressoIDE_10.2.1_795/ide/tools/bin/../lib/gcc/arm-none-eabi/7.2.1/../../../../arm-none-eabi/lib/thumb/v7-m/libcr_c.a(_cr_sbrk.o)
 .ARM.attributes
                0x0000000000000561       0x33 /Applications/MCUXpressoIDE_10.2.1_795/ide/tools/bin/../lib/gcc/arm-none-eabi/7.2.1/../../../../arm-none-eabi/lib/thumb/v7-m/libcr_c.a(_deferredlazyseek.o)
 .ARM.attributes
                0x0000000000000594       0x33 /Applications/MCUXpressoIDE_10.2.1_795/ide/tools/bin/../lib/gcc/arm-none-eabi/7.2.1/../../../../arm-none-eabi/lib/thumb/v7-m/libcr_c.a(_fdopen.o)
 .ARM.attributes